Component: ARM Compiler 5.05 update 1 (build 106) Tool: armlink [4d0efa]

==============================================================================

Section Cross References

    main.o(i.Filename_Process) refers to function.o(i.Getfile) for Getfile
    main.o(i.Filename_Process) refers to nrf_drv_gpiote.o(i.nrf_drv_gpiote_out_toggle) for nrf_drv_gpiote_out_toggle
    main.o(i.Filename_Process) refers to idiv.o(.text) for __aeabi_idivmod
    main.o(i.Filename_Process) refers to function.o(i.Writefile) for Writefile
    main.o(i.Filename_Process) refers to nrf_drv_gpiote.o(i.nrf_drv_gpiote_out_set) for nrf_drv_gpiote_out_set
    main.o(i.Filename_Process) refers to main.o(i.nrf_gpio_pin_set) for nrf_gpio_pin_set
    main.o(i.Filename_Process) refers to main.o(.data) for .data
    main.o(i.Read_LIS3DH_WHOAMI_Register) refers to spi_master_v2.o(i.spi_master_tx_rx) for spi_master_tx_rx
    main.o(i.Read_LIS3DH_WHOAMI_Register) refers to ble_nus.o(i.ble_nus_string_send) for ble_nus_string_send
    main.o(i.Read_LIS3DH_WHOAMI_Register) refers to main.o(.data) for .data
    main.o(i.Read_LIS3DH_WHOAMI_Register) refers to main.o(.bss) for .bss
    main.o(i.Read_SPI_two) refers to spi_master_v2.o(i.spi_master_tx_rx) for spi_master_tx_rx
    main.o(i.Read_SPI_two) refers to ble_nus.o(i.ble_nus_string_send) for ble_nus_string_send
    main.o(i.Read_SPI_two) refers to main.o(.constdata) for .constdata
    main.o(i.Read_SPI_two) refers to main.o(.data) for .data
    main.o(i.Read_SPI_two) refers to main.o(.bss) for .bss
    main.o(i.SDC_init) refers to diskio_blkdev.o(i.diskio_blockdev_register) for diskio_blockdev_register
    main.o(i.SDC_init) refers to diskio_blkdev.o(i.disk_initialize) for disk_initialize
    main.o(i.SDC_init) refers to main.o(.data) for .data
    main.o(i.assert_nrf_callback) refers to app_error.o(i.app_error_handler) for app_error_handler
    main.o(i.ble_evt_dispatch) refers to ble_conn_params.o(i.ble_conn_params_on_ble_evt) for ble_conn_params_on_ble_evt
    main.o(i.ble_evt_dispatch) refers to ble_nus.o(i.ble_nus_on_ble_evt) for ble_nus_on_ble_evt
    main.o(i.ble_evt_dispatch) refers to main.o(i.on_ble_evt) for on_ble_evt
    main.o(i.ble_evt_dispatch) refers to ble_advertising.o(i.ble_advertising_on_ble_evt) for ble_advertising_on_ble_evt
    main.o(i.ble_evt_dispatch) refers to bsp_btn_ble.o(i.bsp_btn_ble_on_ble_evt) for bsp_btn_ble_on_ble_evt
    main.o(i.ble_evt_dispatch) refers to main.o(.bss) for .bss
    main.o(i.bsp_event_handler) refers to main.o(i.sleep_mode_enter) for sleep_mode_enter
    main.o(i.bsp_event_handler) refers to app_error.o(i.app_error_handler_bare) for app_error_handler_bare
    main.o(i.bsp_event_handler) refers to ble_advertising.o(i.ble_advertising_restart_without_whitelist) for ble_advertising_restart_without_whitelist
    main.o(i.bsp_event_handler) refers to main.o(.data) for .data
    main.o(i.conn_params_error_handler) refers to app_error.o(i.app_error_handler_bare) for app_error_handler_bare
    main.o(i.main) refers to main.o(i.nrf_gpio_cfg_output) for nrf_gpio_cfg_output
    main.o(i.main) refers to main.o(i.nrf_gpio_pin_set) for nrf_gpio_pin_set
    main.o(i.main) refers to nrf_drv_clock.o(i.nrf_drv_clock_init) for nrf_drv_clock_init
    main.o(i.main) refers to app_error.o(i.app_error_handler_bare) for app_error_handler_bare
    main.o(i.main) refers to nrf_drv_clock.o(i.nrf_drv_clock_lfclk_request) for nrf_drv_clock_lfclk_request
    main.o(i.main) refers to app_timer.o(i.app_timer_init) for app_timer_init
    main.o(i.main) refers to main.o(i.SDC_init) for SDC_init
    main.o(i.main) refers to softdevice_handler.o(i.softdevice_handler_init) for softdevice_handler_init
    main.o(i.main) refers to softdevice_handler.o(i.softdevice_enable_get_default_config) for softdevice_enable_get_default_config
    main.o(i.main) refers to softdevice_handler.o(i.softdevice_enable) for softdevice_enable
    main.o(i.main) refers to softdevice_handler.o(i.softdevice_ble_evt_handler_set) for softdevice_ble_evt_handler_set
    main.o(i.main) refers to ble_nus.o(i.ble_nus_init) for ble_nus_init
    main.o(i.main) refers to memseta.o(.text) for __aeabi_memclr4
    main.o(i.main) refers to ble_advertising.o(i.ble_advertising_init) for ble_advertising_init
    main.o(i.main) refers to ble_conn_params.o(i.ble_conn_params_init) for ble_conn_params_init
    main.o(i.main) refers to ble_advertising.o(i.ble_advertising_start) for ble_advertising_start
    main.o(i.main) refers to spi_master_v2.o(i.spi_master_init) for spi_master_init
    main.o(i.main) refers to spi_master_v2.o(i.spi_master_tx_rx) for spi_master_tx_rx
    main.o(i.main) refers to function.o(i.SDCtest) for SDCtest
    main.o(i.main) refers to app_timer.o(i.app_timer_create) for app_timer_create
    main.o(i.main) refers to main.o(i.Filename_Process) for Filename_Process
    main.o(i.main) refers to ff.o(i.f_mount) for f_mount
    main.o(i.main) refers to ff.o(i.f_open) for f_open
[...]
    i.bsp_event_to_button_action_assign      0x0001c720   Section        0  bsp.o(i.bsp_event_to_button_action_assign)
    i.bsp_indication_set                     0x0001c768   Section        0  bsp.o(i.bsp_indication_set)
    i.bsp_led_indication                     0x0001c784   Section        0  bsp.o(i.bsp_led_indication)
    bsp_led_indication                       0x0001c785   Thumb Code   376  bsp.o(i.bsp_led_indication)
    i.bsp_wakeup_button_enable               0x0001c904   Section        0  bsp.o(i.bsp_wakeup_button_enable)
    i.channel_port_get                       0x0001c914   Section        0  nrf_drv_gpiote.o(i.channel_port_get)
    channel_port_get                         0x0001c915   Thumb Code    10  nrf_drv_gpiote.o(i.channel_port_get)
    i.check_fs                               0x0001c924   Section        0  ff.o(i.check_fs)
    check_fs                                 0x0001c925   Thumb Code   102  ff.o(i.check_fs)
    i.clock_clk_started_notify               0x0001c99c   Section        0  nrf_drv_clock.o(i.clock_clk_started_notify)
    clock_clk_started_notify                 0x0001c99d   Thumb Code    34  nrf_drv_clock.o(i.clock_clk_started_notify)
    i.clust2sect                             0x0001c9c4   Section        0  ff.o(i.clust2sect)
    clust2sect                               0x0001c9c5   Thumb Code    24  ff.o(i.clust2sect)
    i.compare_reg_update                     0x0001c9dc   Section        0  app_timer.o(i.compare_reg_update)
    compare_reg_update                       0x0001c9dd   Thumb Code   142  app_timer.o(i.compare_reg_update)
    i.conn_int_encode                        0x0001ca84   Section        0  ble_advdata.o(i.conn_int_encode)
    conn_int_encode                          0x0001ca85   Thumb Code   130  ble_advdata.o(i.conn_int_encode)
    i.conn_params_error_handler              0x0001cb0c   Section        0  main.o(i.conn_params_error_handler)
    conn_params_error_handler                0x0001cb0d   Thumb Code     8  main.o(i.conn_params_error_handler)
    i.conn_params_negotiation                0x0001cb14   Section        0  ble_conn_params.o(i.conn_params_negotiation)
    conn_params_negotiation                  0x0001cb15   Thumb Code    92  ble_conn_params.o(i.conn_params_negotiation)
    i.create_chain                           0x0001cb7c   Section        0  ff.o(i.create_chain)
    create_chain                             0x0001cb7d   Thumb Code   172  ff.o(i.create_chain)
    i.create_name                            0x0001cc28   Section        0  ff.o(i.create_name)
    create_name                              0x0001cc29   Thumb Code   212  ff.o(i.create_name)
    i.default_wait_func                      0x0001cd0c   Section        0  diskio_blkdev.o(i.default_wait_func)
    default_wait_func                        0x0001cd0d   Thumb Code     4  diskio_blkdev.o(i.default_wait_func)
    i.dir_find                               0x0001cd10   Section        0  ff.o(i.dir_find)
    dir_find                                 0x0001cd11   Thumb Code   100  ff.o(i.dir_find)
    i.dir_next                               0x0001cd74   Section        0  ff.o(i.dir_next)
    dir_next                                 0x0001cd75   Thumb Code   236  ff.o(i.dir_next)
    i.dir_register                           0x0001ce60   Section        0  ff.o(i.dir_register)
    dir_register                             0x0001ce61   Thumb Code   106  ff.o(i.dir_register)
    i.dir_sdi                                0x0001ceca   Section        0  ff.o(i.dir_sdi)
    dir_sdi                                  0x0001cecb   Thumb Code   134  ff.o(i.dir_sdi)
    i.disk_initialize                        0x0001cf50   Section        0  diskio_blkdev.o(i.disk_initialize)
    i.disk_ioctl                             0x0001cfd0   Section        0  diskio_blkdev.o(i.disk_ioctl)
    i.disk_read                              0x0001d050   Section        0  diskio_blkdev.o(i.disk_read)
    i.disk_status                            0x0001d0c8   Section        0  diskio_blkdev.o(i.disk_status)
    i.disk_write                             0x0001d0e4   Section        0  diskio_blkdev.o(i.disk_write)
    i.diskio_blockdev_register               0x0001d168   Section        0  diskio_blkdev.o(i.diskio_blockdev_register)
    i.elapsed_ticks_acquire                  0x0001d174   Section        0  app_timer.o(i.elapsed_ticks_acquire)
    elapsed_ticks_acquire                    0x0001d175   Thumb Code    58  app_timer.o(i.elapsed_ticks_acquire)
    i.f_close                                0x0001d1b4   Section        0  ff.o(i.f_close)
    i.f_mount                                0x0001d1d4   Section        0  ff.o(i.f_mount)
    i.f_open                                 0x0001d224   Section        0  ff.o(i.f_open)
    i.f_read                                 0x0001d3dc   Section        0  ff.o(i.f_read)
    i.f_sync                                 0x0001d534   Section        0  ff.o(i.f_sync)
    i.f_write                                0x0001d5c4   Section        0  ff.o(i.f_write)
    i.find_volume                            0x0001d758   Section        0  ff.o(i.find_volume)
    find_volume                              0x0001d759   Thumb Code   602  ff.o(i.find_volume)
    i.follow_path                            0x0001d9d0   Section        0  ff.o(i.follow_path)
    follow_path                              0x0001d9d1   Thumb Code   118  ff.o(i.follow_path)
    i.fs_queued_op_count_get                 0x0001da48   Section        0  fstorage.o(i.fs_queued_op_count_get)
    i.get_fat                                0x0001da60   Section        0  ff.o(i.get_fat)
    get_fat                                  0x0001da61   Thumb Code   186  ff.o(i.get_fat)
    i.get_ldnumber                           0x0001db1a   Section        0  ff.o(i.get_ldnumber)
    get_ldnumber                             0x0001db1b   Thumb Code    60  ff.o(i.get_ldnumber)
    i.intern_softdevice_events_execute       0x0001db58   Section        0  softdevice_handler.o(i.intern_softdevice_events_execute)
    i.irq_handler_spi                        0x0001dbd8   Section        0  nrf_drv_spi.o(i.irq_handler_spi)
    irq_handler_spi                          0x0001dbd9   Thumb Code    44  nrf_drv_spi.o(i.irq_handler_spi)
    i.is_conn_params_ok                      0x0001dc04   Section        0  ble_conn_params.o(i.is_conn_params_ok)
    is_conn_params_ok                        0x0001dc05   Thumb Code    24  ble_conn_params.o(i.is_conn_params_ok)
    i.is_manual_peripheral_setup_needed      0x0001dc20   Section        0  system_nrf51.o(i.is_manual_peripheral_setup_needed)
    is_manual_peripheral_setup_needed        0x0001dc21   Thumb Code    66  system_nrf51.o(i.is_manual_peripheral_setup_needed)
    i.item_enqueue                           0x0001dc68   Section        0  nrf_drv_clock.o(i.item_enqueue)
    item_enqueue                             0x0001dc69   Thumb Code    22  nrf_drv_clock.o(i.item_enqueue)
    i.ld_clust                               0x0001dc7e   Section        0  ff.o(i.ld_clust)
    ld_clust                                 0x0001dc7f   Thumb Code    38  ff.o(i.ld_clust)
    i.ld_dword                               0x0001dca4   Section        0  ff.o(i.ld_dword)
    ld_dword                                 0x0001dca5   Thumb Code    22  ff.o(i.ld_dword)
    i.ld_word                                0x0001dcba   Section        0  ff.o(i.ld_word)
    ld_word                                  0x0001dcbb   Thumb Code    12  ff.o(i.ld_word)
    i.list_deletions_handler                 0x0001dcc8   Section        0  app_timer.o(i.list_deletions_handler)
    list_deletions_handler                   0x0001dcc9   Thumb Code   162  app_timer.o(i.list_deletions_handler)
    i.list_insertions_handler                0x0001dd74   Section        0  app_timer.o(i.list_insertions_handler)
    list_insertions_handler                  0x0001dd75   Thumb Code   178  app_timer.o(i.list_insertions_handler)
    i.main                                   0x0001de30   Section        0  main.o(i.main)
    i.manuf_specific_data_encode             0x0001e158   Section        0  ble_advdata.o(i.manuf_specific_data_encode)
    manuf_specific_data_encode               0x0001e159   Thumb Code   104  ble_advdata.o(i.manuf_specific_data_encode)
    i.mem_cpy                                0x0001e1c0   Section        0  ff.o(i.mem_cpy)
    mem_cpy                                  0x0001e1c1   Thumb Code    18  ff.o(i.mem_cpy)
    i.mem_set                                0x0001e1d2   Section        0  ff.o(i.mem_set)
    mem_set                                  0x0001e1d3   Thumb Code    12  ff.o(i.mem_set)
    i.move_window                            0x0001e1de   Section        0  ff.o(i.move_window)
    move_window                              0x0001e1df   Thumb Code    52  ff.o(i.move_window)
    i.name_encode                            0x0001e212   Section        0  ble_advdata.o(i.name_encode)
    name_encode                              0x0001e213   Thumb Code   158  ble_advdata.o(i.name_encode)
    i.nrf_bitmask_bit_is_set                 0x0001e2b0   Section        0  nrf_drv_gpiote.o(i.nrf_bitmask_bit_is_set)
    nrf_bitmask_bit_is_set                   0x0001e2b1   Thumb Code    16  nrf_drv_gpiote.o(i.nrf_bitmask_bit_is_set)
    i.nrf_blk_dev_ioctl                      0x0001e2c0   Section        0  diskio_blkdev.o(i.nrf_blk_dev_ioctl)
    nrf_blk_dev_ioctl                        0x0001e2c1   Thumb Code     6  diskio_blkdev.o(i.nrf_blk_dev_ioctl)
    i.nrf_clock_event_check                  0x0001e2c6   Section        0  nrf_drv_clock.o(i.nrf_clock_event_check)
    nrf_clock_event_check                    0x0001e2c7   Thumb Code    16  nrf_drv_clock.o(i.nrf_clock_event_check)
    i.nrf_delay_us                           0x0001e2d8   Section        0  app_timer.o(i.nrf_delay_us)
    nrf_delay_us                             0x0001e2d9   Thumb Code    38  app_timer.o(i.nrf_delay_us)
    i.nrf_drv_clock_init                     0x0001e308   Section        0  nrf_drv_clock.o(i.nrf_drv_clock_init)
    i.nrf_drv_clock_lfclk_request            0x0001e350   Section        0  nrf_drv_clock.o(i.nrf_drv_clock_lfclk_request)
    i.nrf_drv_clock_on_sd_enable             0x0001e3bc   Section        0  nrf_drv_clock.o(i.nrf_drv_clock_on_sd_enable)
    i.nrf_drv_clock_on_soc_event             0x0001e3f0   Section        0  nrf_drv_clock.o(i.nrf_drv_clock_on_soc_event)
    i.nrf_drv_common_irq_enable              0x0001e3fc   Section        0  nrf_drv_common.o(i.nrf_drv_common_irq_enable)
    i.nrf_drv_gpiote_out_clear               0x0001e45c   Section        0  nrf_drv_gpiote.o(i.nrf_drv_gpiote_out_clear)
    i.nrf_drv_gpiote_out_set                 0x0001e46c   Section        0  nrf_drv_gpiote.o(i.nrf_drv_gpiote_out_set)
    i.nrf_drv_gpiote_out_toggle              0x0001e47c   Section        0  nrf_drv_gpiote.o(i.nrf_drv_gpiote_out_toggle)
    i.nrf_drv_spi_init                       0x0001e494   Section        0  nrf_drv_spi.o(i.nrf_drv_spi_init)
    i.nrf_drv_spi_transfer                   0x0001e5a8   Section        0  nrf_drv_spi.o(i.nrf_drv_spi_transfer)
    i.nrf_drv_spi_uninit                     0x0001e5c0   Section        0  nrf_drv_spi.o(i.nrf_drv_spi_uninit)
    i.nrf_drv_spi_xfer                       0x0001e608   Section        0  nrf_drv_spi.o(i.nrf_drv_spi_xfer)
    i.nrf_gpio_cfg                           0x0001e678   Section        0  nrf_drv_spi.o(i.nrf_gpio_cfg)
    nrf_gpio_cfg                             0x0001e679   Thumb Code    40  nrf_drv_spi.o(i.nrf_gpio_cfg)
    i.nrf_gpio_cfg                           0x0001e6a0   Section        0  spi_master_v2.o(i.nrf_gpio_cfg)
    nrf_gpio_cfg                             0x0001e6a1   Thumb Code    40  spi_master_v2.o(i.nrf_gpio_cfg)
    i.nrf_gpio_cfg                           0x0001e6c8   Section        0  app_sdcard.o(i.nrf_gpio_cfg)
    nrf_gpio_cfg                             0x0001e6c9   Thumb Code    40  app_sdcard.o(i.nrf_gpio_cfg)
    i.nrf_gpio_cfg_input                     0x0001e6f0   Section        0  spi_master_v2.o(i.nrf_gpio_cfg_input)
    nrf_gpio_cfg_input                       0x0001e6f1   Thumb Code    18  spi_master_v2.o(i.nrf_gpio_cfg_input)
    i.nrf_gpio_cfg_output                    0x0001e702   Section        0  main.o(i.nrf_gpio_cfg_output)
    nrf_gpio_cfg_output                      0x0001e703   Thumb Code    20  main.o(i.nrf_gpio_cfg_output)
    i.nrf_gpio_cfg_output                    0x0001e716   Section        0  nrf_drv_spi.o(i.nrf_gpio_cfg_output)
    nrf_gpio_cfg_output                      0x0001e717   Thumb Code    20  nrf_drv_spi.o(i.nrf_gpio_cfg_output)
    i.nrf_gpio_cfg_output                    0x0001e72a   Section        0  spi_master_v2.o(i.nrf_gpio_cfg_output)
    nrf_gpio_cfg_output                      0x0001e72b   Thumb Code    20  spi_master_v2.o(i.nrf_gpio_cfg_output)
    i.nrf_gpio_cfg_sense_set                 0x0001e73e   Section        0  bsp.o(i.nrf_gpio_cfg_sense_set)
    nrf_gpio_cfg_sense_set                   0x0001e73f   Thumb Code    34  bsp.o(i.nrf_gpio_cfg_sense_set)
    i.nrf_gpio_cfg_sense_set                 0x0001e760   Section        0  nrf_drv_gpiote.o(i.nrf_gpio_cfg_sense_set)
    nrf_gpio_cfg_sense_set                   0x0001e761   Thumb Code    34  nrf_drv_gpiote.o(i.nrf_gpio_cfg_sense_set)
    i.nrf_gpio_pin_set                       0x0001e784   Section        0  main.o(i.nrf_gpio_pin_set)
    nrf_gpio_pin_set                         0x0001e785   Thumb Code    10  main.o(i.nrf_gpio_pin_set)
    i.nrf_gpio_pin_set                       0x0001e794   Section        0  nrf_drv_spi.o(i.nrf_gpio_pin_set)
    nrf_gpio_pin_set                         0x0001e795   Thumb Code    10  nrf_drv_spi.o(i.nrf_gpio_pin_set)
    i.nrf_gpio_pin_set                       0x0001e7a4   Section        0  spi_master_v2.o(i.nrf_gpio_pin_set)
    nrf_gpio_pin_set                         0x0001e7a5   Thumb Code    10  spi_master_v2.o(i.nrf_gpio_pin_set)
    i.nrf_gpio_pin_set                       0x0001e7b4   Section        0  app_sdcard.o(i.nrf_gpio_pin_set)
    nrf_gpio_pin_set                         0x0001e7b5   Thumb Code    10  app_sdcard.o(i.nrf_gpio_pin_set)
    i.nrf_gpio_pin_write                     0x0001e7c4   Section        0  boards.o(i.nrf_gpio_pin_write)
    nrf_gpio_pin_write                       0x0001e7c5   Thumb Code    18  boards.o(i.nrf_gpio_pin_write)
    i.nrf_gpio_ports_read                    0x0001e7dc   Section        0  nrf_drv_gpiote.o(i.nrf_gpio_ports_read)
    nrf_gpio_ports_read                      0x0001e7dd   Thumb Code    36  nrf_drv_gpiote.o(i.nrf_gpio_ports_read)
    i.nrf_gpiote_event_clear                 0x0001e804   Section        0  nrf_drv_gpiote.o(i.nrf_gpiote_event_clear)
    nrf_gpiote_event_clear                   0x0001e805   Thumb Code    10  nrf_drv_gpiote.o(i.nrf_gpiote_event_clear)
    i.nrf_gpiote_event_is_set                0x0001e814   Section        0  nrf_drv_gpiote.o(i.nrf_gpiote_event_is_set)
    nrf_gpiote_event_is_set                  0x0001e815   Thumb Code    14  nrf_drv_gpiote.o(i.nrf_gpiote_event_is_set)
    i.nrf_uart_event_check                   0x0001e828   Section        0  nrf_drv_uart.o(i.nrf_uart_event_check)
    nrf_uart_event_check                     0x0001e829   Thumb Code    10  nrf_drv_uart.o(i.nrf_uart_event_check)
    i.nrf_uart_int_enable_check              0x0001e832   Section        0  nrf_drv_uart.o(i.nrf_uart_int_enable_check)
    nrf_uart_int_enable_check                0x0001e833   Thumb Code    16  nrf_drv_uart.o(i.nrf_uart_int_enable_check)
    i.nus_data_handler                       0x0001e844   Section        0  main.o(i.nus_data_handler)
    nus_data_handler                         0x0001e845   Thumb Code    78  main.o(i.nus_data_handler)
    i.on_adv_evt                             0x0001e8a0   Section        0  main.o(i.on_adv_evt)
    on_adv_evt                               0x0001e8a1   Thumb Code    32  main.o(i.on_adv_evt)
    i.on_ble_evt                             0x0001e8c0   Section        0  main.o(i.on_ble_evt)
    on_ble_evt                               0x0001e8c1   Thumb Code   114  main.o(i.on_ble_evt)
    i.on_conn_params_evt                     0x0001e938   Section        0  main.o(i.on_conn_params_evt)
    on_conn_params_evt                       0x0001e939   Thumb Code    26  main.o(i.on_conn_params_evt)
    i.put_fat                                0x0001e958   Section        0  ff.o(i.put_fat)
    put_fat                                  0x0001e959   Thumb Code   238  ff.o(i.put_fat)
    i.remove_chain                           0x0001ea46   Section        0  ff.o(i.remove_chain)
    remove_chain                             0x0001ea47   Thumb Code   114  ff.o(i.remove_chain)
    i.rtc1_stop                              0x0001eab8   Section        0  app_timer.o(i.rtc1_stop)
    rtc1_stop                                0x0001eab9   Thumb Code    50  app_timer.o(i.rtc1_stop)
    i.rx_byte                                0x0001eafc   Section        0  nrf_drv_uart.o(i.rx_byte)
    rx_byte                                  0x0001eafd   Thumb Code    38  nrf_drv_uart.o(i.rx_byte)
    i.rx_char_add                            0x0001eb22   Section        0  ble_nus.o(i.rx_char_add)
    rx_char_add                              0x0001eb23   Thumb Code   158  ble_nus.o(i.rx_char_add)
    i.rx_done_event                          0x0001ebc0   Section        0  nrf_drv_uart.o(i.rx_done_event)
    rx_done_event                            0x0001ebc1   Thumb Code    20  nrf_drv_uart.o(i.rx_done_event)
    i.sd_nvic_EnableIRQ                      0x0001ebd4   Section        0  softdevice_handler.o(i.sd_nvic_EnableIRQ)
    sd_nvic_EnableIRQ                        0x0001ebd5   Thumb Code   112  softdevice_handler.o(i.sd_nvic_EnableIRQ)
    i.sdc_cmd                                0x0001ec58   Section        0  app_sdcard.o(i.sdc_cmd)
    sdc_cmd                                  0x0001ec59   Thumb Code   144  app_sdcard.o(i.sdc_cmd)
    i.sdc_handler                            0x0001ecec   Section        0  nrf_block_dev_sdc.o(i.sdc_handler)
    sdc_handler                              0x0001eced   Thumb Code   136  nrf_block_dev_sdc.o(i.sdc_handler)
    i.sdc_pt_identification                  0x0001ed7c   Section        0  app_sdcard.o(i.sdc_pt_identification)
    sdc_pt_identification                    0x0001ed7d   Thumb Code   670  app_sdcard.o(i.sdc_pt_identification)
    i.sdc_pt_read                            0x0001f028   Section        0  app_sdcard.o(i.sdc_pt_read)
    sdc_pt_read                              0x0001f029   Thumb Code   122  app_sdcard.o(i.sdc_pt_read)
    i.sdc_pt_sub_data_read                   0x0001f0ac   Section        0  app_sdcard.o(i.sdc_pt_sub_data_read)
    sdc_pt_sub_data_read                     0x0001f0ad   Thumb Code   342  app_sdcard.o(i.sdc_pt_sub_data_read)
    i.sdc_pt_write                           0x0001f20c   Section        0  app_sdcard.o(i.sdc_pt_write)
    sdc_pt_write                             0x0001f20d   Thumb Code   476  app_sdcard.o(i.sdc_pt_write)
    i.sdc_spi_transfer                       0x0001f3f8   Section        0  app_sdcard.o(i.sdc_spi_transfer)
    sdc_spi_transfer                         0x0001f3f9   Thumb Code    42  app_sdcard.o(i.sdc_spi_transfer)
    i.service_data_encode                    0x0001f430   Section        0  ble_advdata.o(i.service_data_encode)
    service_data_encode                      0x0001f431   Thumb Code   142  ble_advdata.o(i.service_data_encode)
    i.set_adv_mode_fast                      0x0001f4c0   Section        0  ble_advertising.o(i.set_adv_mode_fast)
    set_adv_mode_fast                        0x0001f4c1   Thumb Code    80  ble_advertising.o(i.set_adv_mode_fast)
    i.set_adv_mode_slow                      0x0001f518   Section        0  ble_advertising.o(i.set_adv_mode_slow)
    set_adv_mode_slow                        0x0001f519   Thumb Code    76  ble_advertising.o(i.set_adv_mode_slow)
    i.sleep_mode_enter                       0x0001f56c   Section        0  main.o(i.sleep_mode_enter)
    sleep_mode_enter                         0x0001f56d   Thumb Code    40  main.o(i.sleep_mode_enter)
    i.softdevice_ble_evt_handler_set         0x0001f594   Section        0  softdevice_handler.o(i.softdevice_ble_evt_handler_set)
    i.softdevice_enable                      0x0001f5a8   Section        0  softdevice_handler.o(i.softdevice_enable)
    i.softdevice_enable_get_default_config   0x0001f5bc   Section        0  softdevice_handler.o(i.softdevice_enable_get_default_config)
    i.softdevice_fault_handler               0x0001f5e4   Section        0  softdevice_handler.o(i.softdevice_fault_handler)
    i.softdevice_handler_init                0x0001f5ec   Section        0  softdevice_handler.o(i.softdevice_handler_init)
    i.softdevice_handler_is_enabled          0x0001f644   Section        0  softdevice_handler.o(i.softdevice_handler_is_enabled)
    i.spi_handler                            0x0001f650   Section        0  app_sdcard.o(i.spi_handler)
    spi_handler                              0x0001f651   Thumb Code   432  app_sdcard.o(i.spi_handler)
    i.spi_master_init                        0x0001f808   Section        0  spi_master_v2.o(i.spi_master_init)
    i.spi_master_tx_rx                       0x0001f8b4   Section        0  spi_master_v2.o(i.spi_master_tx_rx)
    i.spi_xfer                               0x0001f91c   Section        0  nrf_drv_spi.o(i.spi_xfer)
    spi_xfer                                 0x0001f91d   Thumb Code   114  nrf_drv_spi.o(i.spi_xfer)
    i.st_clust                               0x0001f98e   Section        0  ff.o(i.st_clust)
    st_clust                                 0x0001f98f   Thumb Code    36  ff.o(i.st_clust)
    i.st_dword                               0x0001f9b2   Section        0  ff.o(i.st_dword)
    st_dword                                 0x0001f9b3   Thumb Code    16  ff.o(i.st_dword)
    i.st_word                                0x0001f9c2   Section        0  ff.o(i.st_word)
    st_word                                  0x0001f9c3   Thumb Code     8  ff.o(i.st_word)
    i.sync_fs                                0x0001f9cc   Section        0  ff.o(i.sync_fs)
    sync_fs                                  0x0001f9cd   Thumb Code   132  ff.o(i.sync_fs)
    i.sync_window                            0x0001fa60   Section        0  ff.o(i.sync_window)
    sync_window                              0x0001fa61   Thumb Code    82  ff.o(i.sync_window)
    i.timer_a_handler                        0x0001fab4   Section        0  main.o(i.timer_a_handler)
    timer_a_handler                          0x0001fab5   Thumb Code   208  main.o(i.timer_a_handler)
    i.timer_list_handler                     0x0001fb94   Section        0  app_timer.o(i.timer_list_handler)
    timer_list_handler                       0x0001fb95   Thumb Code   128  app_timer.o(i.timer_list_handler)
    i.timer_list_handler_sched               0x0001fc18   Section        0  app_timer.o(i.timer_list_handler_sched)
    timer_list_handler_sched                 0x0001fc19   Thumb Code    10  app_timer.o(i.timer_list_handler_sched)
    i.timer_list_insert                      0x0001fc28   Section        0  app_timer.o(i.timer_list_insert)
    timer_list_insert                        0x0001fc29   Thumb Code    60  app_timer.o(i.timer_list_insert)
    i.timer_stop_op_schedule                 0x0001fc68   Section        0  app_timer.o(i.timer_stop_op_schedule)
    timer_stop_op_schedule                   0x0001fc69   Thumb Code    68  app_timer.o(i.timer_stop_op_schedule)
    i.timer_timeouts_check                   0x0001fcb0   Section        0  app_timer.o(i.timer_timeouts_check)
    timer_timeouts_check                     0x0001fcb1   Thumb Code   118  app_timer.o(i.timer_timeouts_check)
    i.transfer_byte                          0x0001fd30   Section        0  nrf_drv_spi.o(i.transfer_byte)
    transfer_byte                            0x0001fd31   Thumb Code    80  nrf_drv_spi.o(i.transfer_byte)
    i.tx_byte                                0x0001fd80   Section        0  nrf_drv_uart.o(i.tx_byte)
    tx_byte                                  0x0001fd81   Thumb Code    30  nrf_drv_uart.o(i.tx_byte)
    i.tx_char_add                            0x0001fd9e   Section        0  ble_nus.o(i.tx_char_add)
    tx_char_add                              0x0001fd9f   Thumb Code   128  ble_nus.o(i.tx_char_add)
    i.tx_done_event                          0x0001fe1e   Section        0  nrf_drv_uart.o(i.tx_done_event)
    tx_done_event                            0x0001fe1f   Thumb Code    24  nrf_drv_uart.o(i.tx_done_event)
    i.uart_irq_handler                       0x0001fe36   Section        0  nrf_drv_uart.o(i.uart_irq_handler)
    uart_irq_handler                         0x0001fe37   Thumb Code   296  nrf_drv_uart.o(i.uart_irq_handler)
    i.uint16_encode                          0x0001ff5e   Section        0  ble_advdata.o(i.uint16_encode)
    uint16_encode                            0x0001ff5f   Thumb Code    10  ble_advdata.o(i.uint16_encode)
    i.update_timeout_handler                 0x0001ff68   Section        0  ble_conn_params.o(i.update_timeout_handler)
    update_timeout_handler                   0x0001ff69   Thumb Code    86  ble_conn_params.o(i.update_timeout_handler)
    i.user_op_alloc                          0x0001ffcc   Section        0  app_timer.o(i.user_op_alloc)
    user_op_alloc                            0x0001ffcd   Thumb Code    40  app_timer.o(i.user_op_alloc)
    i.uuid_list_encode                       0x0001fff8   Section        0  ble_advdata.o(i.uuid_list_encode)
    uuid_list_encode                         0x0001fff9   Thumb Code    48  ble_advdata.o(i.uuid_list_encode)
    i.uuid_list_sized_encode                 0x00020028   Section        0  ble_advdata.o(i.uuid_list_sized_encode)
    uuid_list_sized_encode                   0x00020029   Thumb Code   174  ble_advdata.o(i.uuid_list_sized_encode)
    i.validate                               0x000200d6   Section        0  ff.o(i.validate)
    validate                                 0x000200d7   Thumb Code    54  ff.o(i.validate)
    i.whitelist_has_entries                  0x0002010c   Section        0  ble_advertising.o(i.whitelist_has_entries)
    whitelist_has_entries                    0x0002010d   Thumb Code    18  ble_advertising.o(i.whitelist_has_entries)
    .constdata                               0x00020124   Section       28  main.o(.constdata)
    m_block_dev_sdc                          0x00020124   Data          28  main.o(.constdata)
    .constdata                               0x00020140   Section       20  main.o(.constdata)
    m_led_a_timer_id                         0x00020140   Data           4  main.o(.constdata)
    .constdata                               0x00020154   Section        8  boards.o(.constdata)
    m_board_led_list                         0x00020154   Data           4  boards.o(.constdata)
    m_board_btn_list                         0x00020158   Data           4  boards.o(.constdata)
    .constdata                               0x0002015c   Section       44  bsp.o(.constdata)
    m_leds_timer_id                          0x0002015c   Data           4  bsp.o(.constdata)
    m_alert_timer_id                         0x00020160   Data           4  bsp.o(.constdata)
    m_button_timer_id                        0x00020164   Data           4  bsp.o(.constdata)
    app_buttons                              0x00020168   Data          32  bsp.o(.constdata)
    .constdata                               0x00020188   Section        4  ble_conn_params.o(.constdata)
    m_conn_params_timer_id                   0x00020188   Data           4  ble_conn_params.o(.constdata)
    .constdata                               0x0002018c   Section       16  ble_nus.o(.constdata)
    .constdata                               0x0002019c   Section        4  nrf_drv_gpiote.o(.constdata)
    .constdata                               0x000201a0   Section       24  nrf_block_dev_sdc.o(.constdata)
    .constdata                               0x000201b8   Section       72  nrf_block_dev_sdc.o(.constdata)
    .constdata                               0x00020200   Section       24  app_sdcard.o(.constdata)
    m_spi                                    0x00020200   Data           8  app_sdcard.o(.constdata)
    .conststring                             0x00020218   Section       19  main.o(.conststring)
    .data                                    0x20002000   Section       76  main.o(.data)
    index                                    0x20002009   Data           1  main.o(.data)
    m_conn_handle                            0x2000200a   Data           2  main.o(.data)
    m_adv_uuids                              0x2000200c   Data           4  main.o(.data)
    index                                    0x20002010   Data           4  main.o(.data)
    sdaccindex                               0x20002014   Data           4  main.o(.data)
    ACC_read_address                         0x20002034   Data          12  main.o(.data)
    drives                                   0x20002040   Data          12  main.o(.data)
    .data                                    0x2000204c   Section       20  bsp.o(.data)
    m_stable_state                           0x2000204c   Data           1  bsp.o(.data)
    m_leds_clear                             0x2000204d   Data           1  bsp.o(.data)
    current_long_push_pin_no                 0x2000204e   Data           1  bsp.o(.data)
    m_app_ticks_per_100ms                    0x20002050   Data           4  bsp.o(.data)
    m_indication_type                        0x20002054   Data           4  bsp.o(.data)
    m_registered_callback                    0x20002058   Data           4  bsp.o(.data)
    release_event_at_push                    0x2000205c   Data           4  bsp.o(.data)
    .data                                    0x20002060   Section        8  bsp_btn_ble.o(.data)
    m_error_handler                          0x20002060   Data           4  bsp_btn_ble.o(.data)
    m_num_connections                        0x20002064   Data           4  bsp_btn_ble.o(.data)
    .data                                    0x20002068   Section       48  ble_advertising.o(.data)
    m_initialized                            0x20002068   Data           1  ble_advertising.o(.data)
    m_advertising_start_pending              0x20002069   Data           1  ble_advertising.o(.data)
    m_adv_evt                                0x2000206a   Data           1  ble_advertising.o(.data)
    m_adv_mode_current                       0x2000206b   Data           1  ble_advertising.o(.data)
    m_peer_addr_reply_expected               0x2000206c   Data           1  ble_advertising.o(.data)
    m_whitelist_temporarily_disabled         0x2000206d   Data           1  ble_advertising.o(.data)
    m_whitelist_reply_expected               0x2000206e   Data           1  ble_advertising.o(.data)
    m_current_slave_link_conn_handle         0x20002070   Data           2  ble_advertising.o(.data)
    m_slave_conn_int                         0x20002072   Data           4  ble_advertising.o(.data)
    m_evt_handler                            0x20002078   Data           4  ble_advertising.o(.data)
    m_error_handler                          0x2000207c   Data           4  ble_advertising.o(.data)
    m_peer_address                           0x20002080   Data           7  ble_advertising.o(.data)
    m_whitelist                              0x20002088   Data          16  ble_advertising.o(.data)
    .data                                    0x20002098   Section       20  ble_conn_params.o(.data)
    m_change_param                           0x20002098   Data           1  ble_conn_params.o(.data)
    m_update_count                           0x20002099   Data           1  ble_conn_params.o(.data)
    m_conn_handle                            0x2000209a   Data           2  ble_conn_params.o(.data)
    m_preferred_conn_params                  0x2000209c   Data           8  ble_conn_params.o(.data)
    m_current_conn_params                    0x200020a4   Data           8  ble_conn_params.o(.data)
    .data                                    0x200020ac   Section       32  app_timer.o(.data)
    m_ticks_elapsed_q_read_ind               0x200020ac   Data           1  app_timer.o(.data)
    m_ticks_elapsed_q_write_ind              0x200020ad   Data           1  app_timer.o(.data)
    m_rtc1_running                           0x200020ae   Data           1  app_timer.o(.data)
    m_rtc1_reset                             0x200020af   Data           1  app_timer.o(.data)
    mp_timer_id_head                         0x200020b0   Data           4  app_timer.o(.data)
    m_ticks_latest                           0x200020b4   Data           4  app_timer.o(.data)
    m_evt_schedule_func                      0x200020b8   Data           4  app_timer.o(.data)
    m_op_queue                               0x200020bc   Data           8  app_timer.o(.data)
    m_ticks_elapsed                          0x200020c4   Data           8  app_timer.o(.data)
    .data                                    0x200020cc   Section       12  app_util_platform.o(.data)
    m_in_critical_region                     0x200020cc   Data           4  app_util_platform.o(.data)
    .data                                    0x200020d8   Section        8  nrf_block_dev_sdc.o(.data)
    m_last_result                            0x200020d8   Data           1  nrf_block_dev_sdc.o(.data)
    m_active_sdc_dev                         0x200020dc   Data           4  nrf_block_dev_sdc.o(.data)
    .data                                    0x200020e0   Section       20  softdevice_handler.o(.data)
    m_softdevice_enabled                     0x200020e0   Data           1  softdevice_handler.o(.data)
    m_suspended                              0x200020e1   Data           1  softdevice_handler.o(.data)
    m_ble_evt_buffer_size                    0x200020e2   Data           2  softdevice_handler.o(.data)
    m_evt_schedule_func                      0x200020e4   Data           4  softdevice_handler.o(.data)
    mp_ble_evt_buffer                        0x200020e8   Data           4  softdevice_handler.o(.data)
    m_ble_evt_handler                        0x200020ec   Data           4  softdevice_handler.o(.data)
    m_sys_evt_handler                        0x200020f0   Data           4  softdevice_handler.o(.data)
    .data                                    0x200020f4   Section        8  ff.o(.data)
    Fsid                                     0x200020f4   Data           2  ff.o(.data)
    FatFs                                    0x200020f8   Data           4  ff.o(.data)
    .data                                    0x200020fc   Section        8  diskio_blkdev.o(.data)
    m_drives_count                           0x200020fc   Data           1  diskio_blkdev.o(.data)
    m_drives                                 0x20002100   Data           4  diskio_blkdev.o(.data)
    .data                                    0x20002104   Section        4  system_nrf51.o(.data)
    __tagsym$$used                           0x20002104   Number         0  system_nrf51.o(.data)
    .bss                                     0x20002108   Section       32  main.o(.bss)
    m_led_a_timer_id_data                    0x20002108   Data          32  main.o(.bss)
    .bss                                     0x20002128   Section     1456  main.o(.bss)
    xx                                       0x2000213c   Data          20  main.o(.bss)
    BLE_EVT_BUFFER                           0x20002150   Data          72  main.o(.bss)
    data_array                               0x20002198   Data          20  main.o(.bss)
    APP_TIMER_BUF                            0x200021ac   Data          96  main.o(.bss)
    m_nus                                    0x2000220c   Data          28  main.o(.bss)
    .bss                                     0x200026d8   Section       28  main.o(.bss)
    m_block_dev_sdc_work                     0x200026d8   Data          28  main.o(.bss)
    .bss                                     0x200026f4   Section       32  bsp.o(.bss)
    m_leds_timer_id_data                     0x200026f4   Data          32  bsp.o(.bss)
    .bss                                     0x20002714   Section       32  bsp.o(.bss)
    m_alert_timer_id_data                    0x20002714   Data          32  bsp.o(.bss)
    .bss                                     0x20002734   Section       12  bsp.o(.bss)
    m_events_list                            0x20002734   Data          12  bsp.o(.bss)
    .bss                                     0x20002740   Section       32  bsp.o(.bss)
    m_button_timer_id_data                   0x20002740   Data          32  bsp.o(.bss)
    .bss                                     0x20002760   Section      363  ble_advertising.o(.bss)
    m_adv_modes_config                       0x20002760   Data          32  ble_advertising.o(.bss)
    m_advdata                                0x20002780   Data          60  ble_advertising.o(.bss)
    m_manuf_specific_data                    0x200027bc   Data          12  ble_advertising.o(.bss)
    m_manuf_data_array                       0x200027c8   Data          31  ble_advertising.o(.bss)
    m_service_data                           0x200027e8   Data          12  ble_advertising.o(.bss)
    m_service_data_array                     0x200027f4   Data          31  ble_advertising.o(.bss)
    m_whitelist_addrs                        0x20002813   Data          56  ble_advertising.o(.bss)
    m_whitelist_irks                         0x2000284b   Data         128  ble_advertising.o(.bss)
    .bss                                     0x200028cc   Section       32  ble_advertising.o(.bss)
    m_p_whitelist_addrs                      0x200028cc   Data          32  ble_advertising.o(.bss)
    .bss                                     0x200028ec   Section       32  ble_advertising.o(.bss)
    m_p_whitelist_irks                       0x200028ec   Data          32  ble_advertising.o(.bss)
    .bss                                     0x2000290c   Section       32  ble_conn_params.o(.bss)
    m_conn_params_timer_id_data              0x2000290c   Data          32  ble_conn_params.o(.bss)
    .bss                                     0x2000292c   Section       28  ble_conn_params.o(.bss)
    m_conn_params_config                     0x2000292c   Data          28  ble_conn_params.o(.bss)
    .bss                                     0x20002948   Section       20  nrf_drv_clock.o(.bss)
    m_clock_cb                               0x20002948   Data          20  nrf_drv_clock.o(.bss)
    .bss                                     0x2000295c   Section       72  nrf_drv_gpiote.o(.bss)
    m_cb                                     0x2000295c   Data          72  nrf_drv_gpiote.o(.bss)
    .bss                                     0x200029a4   Section       28  nrf_drv_uart.o(.bss)
    m_cb                                     0x200029a4   Data          28  nrf_drv_uart.o(.bss)
    .bss                                     0x200029c0   Section       64  nrf_drv_spi.o(.bss)
    m_cb                                     0x200029c0   Data          64  nrf_drv_spi.o(.bss)
    .bss                                     0x20002a00   Section      104  fstorage.o(.bss)
    m_queue                                  0x20002a00   Data         104  fstorage.o(.bss)
    .bss                                     0x20002a68   Section       92  app_sdcard.o(.bss)
    m_cb                                     0x20002a68   Data          92  app_sdcard.o(.bss)
    .bss                                     0x20002ac4   Section     3336  function.o(.bss)
    fs                                       0x20002ac4   Data         560  function.o(.bss)
    file                                     0x20002cf4   Data         552  function.o(.bss)
    fs                                       0x20002f1c   Data         560  function.o(.bss)
    file                                     0x2000314c   Data         552  function.o(.bss)
    fs                                       0x20003374   Data         560  function.o(.bss)
    file                                     0x200035a4   Data         552  function.o(.bss)
    STACK                                    0x200037d0   Section     2048  arm_startup_nrf51.o(STACK)

    Global Symbols

    Symbol Name                              Value     Ov Type        Size  Object(Section)

    BuildAttributes$$THM_ISAv3M$S$PE$A:L22$X:L11$S22$IEEE1$IW$USESV6$~STKCKD$USESV7$~SHL$OSPACE$EBA8$MICROLIB$REQ8$PRES8$EABIv2 0x00000000   Number         0  anon$$obj.o ABSOLUTE
    __ARM_use_no_argv                        0x00000000   Number         0  main.o ABSOLUTE
    __cpp_initialize__aeabi_                  - Undefined Weak Reference
    __cxa_finalize                            - Undefined Weak Reference
    __decompress                              - Undefined Weak Reference
    _clock_init                               - Undefined Weak Reference
    _microlib_exit                            - Undefined Weak Reference
    fs_data$$Base                             - Undefined Reference
    fs_data$$Limit                            - Undefined Reference
    __Vectors_Size                           0x000000c0   Number         0  arm_startup_nrf51.o ABSOLUTE
    __Vectors                                0x0001b000   Data           4  arm_startup_nrf51.o(RESET)
    __Vectors_End                            0x0001b0c0   Data           0  arm_startup_nrf51.o(RESET)
    __main                                   0x0001b0c1   Thumb Code     0  entry.o(.ARM.Collect$$$$00000000)
    _main_stk                                0x0001b0c1   Thumb Code     0  entry2.o(.ARM.Collect$$$$00000001)
    _main_scatterload                        0x0001b0c5   Thumb Code     0  entry5.o(.ARM.Collect$$$$00000004)
    __main_after_scatterload                 0x0001b0c9   Thumb Code     0  entry5.o(.ARM.Collect$$$$00000004)
    _main_clock                              0x0001b0c9   Thumb Code     0  entry7b.o(.ARM.Collect$$$$00000008)
    _main_cpp_init                           0x0001b0c9   Thumb Code     0  entry8b.o(.ARM.Collect$$$$0000000A)
    _main_init                               0x0001b0c9   Thumb Code     0  entry9a.o(.ARM.Collect$$$$0000000B)
    __rt_final_cpp                           0x0001b0d1   Thumb Code     0  entry10a.o(.ARM.Collect$$$$0000000D)
    __rt_final_exit                          0x0001b0d1   Thumb Code     0  entry11a.o(.ARM.Collect$$$$0000000F)
    Reset_Handler                            0x0001b0d5   Thumb Code    26  arm_startup_nrf51.o(.text)
    NMI_Handler                              0x0001b0ef   Thumb Code     2  arm_startup_nrf51.o(.text)
    HardFault_Handler                        0x0001b0f1   Thumb Code     2  arm_startup_nrf51.o(.text)
    SVC_Handler                              0x0001b0f3   Thumb Code     2  arm_startup_nrf51.o(.text)
    PendSV_Handler                           0x0001b0f5   Thumb Code     2  arm_startup_nrf51.o(.text)
    SysTick_Handler                          0x0001b0f7   Thumb Code     2  arm_startup_nrf51.o(.text)
    ADC_IRQHandler                           0x0001b0f9   Thumb Code     0  arm_startup_nrf51.o(.text)
    CCM_AAR_IRQHandler                       0x0001b0f9   Thumb Code     0  arm_startup_nrf51.o(.text)
    ECB_IRQHandler                           0x0001b0f9   Thumb Code     0  arm_startup_nrf51.o(.text)
    LPCOMP_IRQHandler                        0x0001b0f9   Thumb Code     0  arm_startup_nrf51.o(.text)
    QDEC_IRQHandler                          0x0001b0f9   Thumb Code     0  arm_startup_nrf51.o(.text)
    RADIO_IRQHandler                         0x0001b0f9   Thumb Code     0  arm_startup_nrf51.o(.text)
    RNG_IRQHandler                           0x0001b0f9   Thumb Code     0  arm_startup_nrf51.o(.text)
    RTC0_IRQHandler                          0x0001b0f9   Thumb Code     0  arm_startup_nrf51.o(.text)
    SWI1_IRQHandler                          0x0001b0f9   Thumb Code     0  arm_startup_nrf51.o(.text)
    SWI3_IRQHandler                          0x0001b0f9   Thumb Code     0  arm_startup_nrf51.o(.text)
    SWI4_IRQHandler                          0x0001b0f9   Thumb Code     0  arm_startup_nrf51.o(.text)
    SWI5_IRQHandler                          0x0001b0f9   Thumb Code     0  arm_startup_nrf51.o(.text)
    TEMP_IRQHandler                          0x0001b0f9   Thumb Code     0  arm_startup_nrf51.o(.text)
    TIMER0_IRQHandler                        0x0001b0f9   Thumb Code     0  arm_startup_nrf51.o(.text)
    TIMER1_IRQHandler                        0x0001b0f9   Thumb Code     0  arm_startup_nrf51.o(.text)
    TIMER2_IRQHandler                        0x0001b0f9   Thumb Code     0  arm_startup_nrf51.o(.text)
    WDT_IRQHandler                           0x0001b0f9   Thumb Code     0  arm_startup_nrf51.o(.text)
    __aeabi_uidiv                            0x0001b10d   Thumb Code     0  uidiv.o(.text)
    __aeabi_uidivmod                         0x0001b10d   Thumb Code    44  uidiv.o(.text)
    __aeabi_idiv                             0x0001b139   Thumb Code     0  idiv.o(.text)
    __aeabi_idivmod                          0x0001b139   Thumb Code    40  idiv.o(.text)
    __aeabi_memcpy                           0x0001b161   Thumb Code    36  memcpya.o(.text)
    __aeabi_memcpy4                          0x0001b161   Thumb Code     0  memcpya.o(.text)
    __aeabi_memcpy8                          0x0001b161   Thumb Code     0  memcpya.o(.text)
    __aeabi_memset                           0x0001b185   Thumb Code    14  memseta.o(.text)
    __aeabi_memset4                          0x0001b185   Thumb Code     0  memseta.o(.text)
    __aeabi_memset8                          0x0001b185   Thumb Code     0  memseta.o(.text)
    __aeabi_memclr                           0x0001b193   Thumb Code     4  memseta.o(.text)
    __aeabi_memclr4                          0x0001b193   Thumb Code     0  memseta.o(.text)
    __aeabi_memclr8                          0x0001b193   Thumb Code     0  memseta.o(.text)
    _memset$wrapper                          0x0001b197   Thumb Code    18  memseta.o(.text)
    __aeabi_uread4                           0x0001b1a9   Thumb Code    20  uread4.o(.text)
    __rt_uread4                              0x0001b1a9   Thumb Code     0  uread4.o(.text)
    _uread4                                  0x0001b1a9   Thumb Code     0  uread4.o(.text)
    __scatterload                            0x0001b1bd   Thumb Code    28  init.o(.text)
    __scatterload_rt2                        0x0001b1bd   Thumb Code     0  init.o(.text)
    Filename_Process                         0x0001b1e1   Thumb Code   126  main.o(i.Filename_Process)
    GPIOTE_IRQHandler                        0x0001b265   Thumb Code   364  nrf_drv_gpiote.o(i.GPIOTE_IRQHandler)
    Getfile                                  0x0001b3dd   Thumb Code    78  function.o(i.Getfile)
    POWER_CLOCK_IRQHandler                   0x0001b47d   Thumb Code    70  nrf_drv_clock.o(i.POWER_CLOCK_IRQHandler)
    RTC1_IRQHandler                          0x0001b4d1   Thumb Code    28  app_timer.o(i.RTC1_IRQHandler)
    SDC_init                                 0x0001b4f1   Thumb Code    28  main.o(i.SDC_init)
    SDCtest                                  0x0001b511   Thumb Code    54  function.o(i.SDCtest)
    SPI0_TWI0_IRQHandler                     0x0001b575   Thumb Code    12  nrf_drv_spi.o(i.SPI0_TWI0_IRQHandler)
    SPI1_TWI1_IRQHandler                     0x0001b589   Thumb Code    12  nrf_drv_spi.o(i.SPI1_TWI1_IRQHandler)
    SWI0_IRQHandler                          0x0001b59d   Thumb Code     8  app_timer.o(i.SWI0_IRQHandler)
    SWI2_IRQHandler                          0x0001b5a5   Thumb Code    28  softdevice_handler.o(i.SWI2_IRQHandler)
    SystemInit                               0x0001b5c5   Thumb Code   130  system_nrf51.o(i.SystemInit)
    UART0_IRQHandler                         0x0001b665   Thumb Code    12  nrf_drv_uart.o(i.UART0_IRQHandler)
    Writefile                                0x0001b679   Thumb Code    66  function.o(i.Writefile)
    __ARM_common_switch8                     0x0001b6c9   Thumb Code    26  bsp.o(i.__ARM_common_switch8)
    __scatterload_copy                       0x0001b6e3   Thumb Code    14  handlers.o(i.__scatterload_copy)
    __scatterload_null                       0x0001b6f1   Thumb Code     2  handlers.o(i.__scatterload_null)
    __scatterload_zeroinit                   0x0001b6f3   Thumb Code    14  handlers.o(i.__scatterload_zeroinit)
    adv_data_encode                          0x0001b71d   Thumb Code   398  ble_advdata.o(i.adv_data_encode)
    app_error_fault_handler                  0x0001b951   Thumb Code    18  app_error_weak.o(i.app_error_fault_handler)
    app_error_handler_bare                   0x0001b96d   Thumb Code    20  app_error.o(i.app_error_handler_bare)
    app_sdc_block_read                       0x0001b985   Thumb Code    88  app_sdcard.o(i.app_sdc_block_read)
    app_sdc_block_write                      0x0001b9e1   Thumb Code   108  app_sdcard.o(i.app_sdc_block_write)
    app_sdc_busy_check                       0x0001ba51   Thumb Code    22  app_sdcard.o(i.app_sdc_busy_check)
    app_sdc_info_get                         0x0001ba6d   Thumb Code    18  app_sdcard.o(i.app_sdc_info_get)
    app_sdc_init                             0x0001ba85   Thumb Code   188  app_sdcard.o(i.app_sdc_init)
    app_sdc_uninit                           0x0001bb4d   Thumb Code    60  app_sdcard.o(i.app_sdc_uninit)
    app_timer_create                         0x0001bb91   Thumb Code    40  app_timer.o(i.app_timer_create)
    app_timer_init                           0x0001bbbd   Thumb Code    98  app_timer.o(i.app_timer_init)
    app_timer_start                          0x0001bc31   Thumb Code   128  app_timer.o(i.app_timer_start)
    app_timer_stop                           0x0001bcb9   Thumb Code    36  app_timer.o(i.app_timer_stop)
    app_util_critical_region_enter           0x0001bce1   Thumb Code    48  app_util_platform.o(i.app_util_critical_region_enter)
    app_util_critical_region_exit            0x0001bd1d   Thumb Code    36  app_util_platform.o(i.app_util_critical_region_exit)
    ble_advdata_set                          0x0001bd49   Thumb Code   104  ble_advdata.o(i.ble_advdata_set)
    ble_advertising_init                     0x0001bdb1   Thumb Code   340  ble_advertising.o(i.ble_advertising_init)
    ble_advertising_on_ble_evt               0x0001bf0d   Thumb Code    82  ble_advertising.o(i.ble_advertising_on_ble_evt)
    ble_advertising_start                    0x0001bf65   Thumb Code   256  ble_advertising.o(i.ble_advertising_start)
    ble_conn_params_init                     0x0001c06d   Thumb Code    68  ble_conn_params.o(i.ble_conn_params_init)
    ble_conn_params_on_ble_evt               0x0001c0c1   Thumb Code   130  ble_conn_params.o(i.ble_conn_params_on_ble_evt)
    ble_nus_init                             0x0001c1d9   Thumb Code    98  ble_nus.o(i.ble_nus_init)
    ble_nus_on_ble_evt                       0x0001c241   Thumb Code    92  ble_nus.o(i.ble_nus_on_ble_evt)
    ble_nus_string_send                      0x0001c29d   Thumb Code    78  ble_nus.o(i.ble_nus_string_send)
    ble_srv_is_notification_enabled          0x0001c2f1   Thumb Code    14  ble_srv_common.o(i.ble_srv_is_notification_enabled)
    bsp_board_button_idx_to_pin              0x0001c535   Thumb Code     6  boards.o(i.bsp_board_button_idx_to_pin)
    bsp_board_led_invert                     0x0001c541   Thumb Code    24  boards.o(i.bsp_board_led_invert)
    bsp_board_led_off                        0x0001c561   Thumb Code    14  boards.o(i.bsp_board_led_off)
    bsp_board_led_on                         0x0001c575   Thumb Code    14  boards.o(i.bsp_board_led_on)
    bsp_board_led_state_get                  0x0001c589   Thumb Code    24  boards.o(i.bsp_board_led_state_get)
    bsp_board_leds_off                       0x0001c5a9   Thumb Code    18  boards.o(i.bsp_board_leds_off)
    bsp_board_leds_on                        0x0001c5bb   Thumb Code    18  boards.o(i.bsp_board_leds_on)
    bsp_board_pin_to_button_idx              0x0001c5cd   Thumb Code    30  boards.o(i.bsp_board_pin_to_button_idx)
    bsp_btn_ble_on_ble_evt                   0x0001c5f1   Thumb Code   114  bsp_btn_ble.o(i.bsp_btn_ble_on_ble_evt)
    bsp_btn_ble_sleep_mode_prepare           0x0001c669   Thumb Code    34  bsp_btn_ble.o(i.bsp_btn_ble_sleep_mode_prepare)
    bsp_event_to_button_action_assign        0x0001c721   Thumb Code    66  bsp.o(i.bsp_event_to_button_action_assign)
    bsp_indication_set                       0x0001c769   Thumb Code    22  bsp.o(i.bsp_indication_set)
    bsp_wakeup_button_enable                 0x0001c905   Thumb Code    16  bsp.o(i.bsp_wakeup_button_enable)
    disk_initialize                          0x0001cf51   Thumb Code   116  diskio_blkdev.o(i.disk_initialize)
    disk_ioctl                               0x0001cfd1   Thumb Code   122  diskio_blkdev.o(i.disk_ioctl)
    disk_read                                0x0001d051   Thumb Code   116  diskio_blkdev.o(i.disk_read)
    disk_status                              0x0001d0c9   Thumb Code    24  diskio_blkdev.o(i.disk_status)
    disk_write                               0x0001d0e5   Thumb Code   126  diskio_blkdev.o(i.disk_write)
    diskio_blockdev_register                 0x0001d169   Thumb Code     8  diskio_blkdev.o(i.diskio_blockdev_register)
    f_close                                  0x0001d1b5   Thumb Code    30  ff.o(i.f_close)
    f_mount                                  0x0001d1d5   Thumb Code    74  ff.o(i.f_mount)
    f_open                                   0x0001d225   Thumb Code   434  ff.o(i.f_open)
    f_read                                   0x0001d3dd   Thumb Code   342  ff.o(i.f_read)
    f_sync                                   0x0001d535   Thumb Code   140  ff.o(i.f_sync)
    f_write                                  0x0001d5c5   Thumb Code   402  ff.o(i.f_write)
    fs_queued_op_count_get                   0x0001da49   Thumb Code    18  fstorage.o(i.fs_queued_op_count_get)
    intern_softdevice_events_execute         0x0001db59   Thumb Code   122  softdevice_handler.o(i.intern_softdevice_events_execute)
    main                                     0x0001de31   Thumb Code   734  main.o(i.main)
    nrf_drv_clock_init                       0x0001e309   Thumb Code    60  nrf_drv_clock.o(i.nrf_drv_clock_init)
    nrf_drv_clock_lfclk_request              0x0001e351   Thumb Code    96  nrf_drv_clock.o(i.nrf_drv_clock_lfclk_request)
    nrf_drv_clock_on_sd_enable               0x0001e3bd   Thumb Code    46  nrf_drv_clock.o(i.nrf_drv_clock_on_sd_enable)
    nrf_drv_clock_on_soc_event               0x0001e3f1   Thumb Code    12  nrf_drv_clock.o(i.nrf_drv_clock_on_soc_event)
    nrf_drv_common_irq_enable                0x0001e3fd   Thumb Code    78  nrf_drv_common.o(i.nrf_drv_common_irq_enable)
    nrf_drv_gpiote_out_clear                 0x0001e45d   Thumb Code    10  nrf_drv_gpiote.o(i.nrf_drv_gpiote_out_clear)
    nrf_drv_gpiote_out_set                   0x0001e46d   Thumb Code    10  nrf_drv_gpiote.o(i.nrf_drv_gpiote_out_set)
    nrf_drv_gpiote_out_toggle                0x0001e47d   Thumb Code    20  nrf_drv_gpiote.o(i.nrf_drv_gpiote_out_toggle)
    nrf_drv_spi_init                         0x0001e495   Thumb Code   262  nrf_drv_spi.o(i.nrf_drv_spi_init)
    nrf_drv_spi_transfer                     0x0001e5a9   Thumb Code    24  nrf_drv_spi.o(i.nrf_drv_spi_transfer)
    nrf_drv_spi_uninit                       0x0001e5c1   Thumb Code    62  nrf_drv_spi.o(i.nrf_drv_spi_uninit)
    nrf_drv_spi_xfer                         0x0001e609   Thumb Code   104  nrf_drv_spi.o(i.nrf_drv_spi_xfer)
    softdevice_ble_evt_handler_set           0x0001f595   Thumb Code    16  softdevice_handler.o(i.softdevice_ble_evt_handler_set)
    softdevice_enable                        0x0001f5a9   Thumb Code    14  softdevice_handler.o(i.softdevice_enable)
    softdevice_enable_get_default_config     0x0001f5bd   Thumb Code    40  softdevice_handler.o(i.softdevice_enable_get_default_config)
    softdevice_fault_handler                 0x0001f5e5   Thumb Code     8  softdevice_handler.o(i.softdevice_fault_handler)
    softdevice_handler_init                  0x0001f5ed   Thumb Code    74  softdevice_handler.o(i.softdevice_handler_init)
    softdevice_handler_is_enabled            0x0001f645   Thumb Code     6  softdevice_handler.o(i.softdevice_handler_is_enabled)
    spi_master_init                          0x0001f809   Thumb Code   156  spi_master_v2.o(i.spi_master_init)
    spi_master_tx_rx                         0x0001f8b5   Thumb Code   100  spi_master_v2.o(i.spi_master_tx_rx)
    nrf_block_device_sdc_ops                 0x000201a0   Data          24  nrf_block_dev_sdc.o(.constdata)
    Region$$Table$$Base                      0x0002022c   Number         0  anon$$obj.o(Region$$Table)
    Region$$Table$$Limit                     0x0002024c   Number         0  anon$$obj.o(Region$$Table)
    Image$$RW_IRAM1$$Base                    0x20002000   Number         0  anon$$obj.o ABSOLUTE
    b_ble_tx_complette                       0x20002000   Data           1  main.o(.data)
    CSselect                                 0x20002001   Data           1  main.o(.data)
    writeflag                                0x20002002   Data           1  main.o(.data)
    writeflag1                               0x20002003   Data           1  main.o(.data)
    writeflag2                               0x20002004   Data           1  main.o(.data)
    sdwriteto1                               0x20002005   Data           1  main.o(.data)
    sdwriteto2                               0x20002006   Data           1  main.o(.data)
    closeflag                                0x20002007   Data           1  main.o(.data)
    turnon                                   0x20002008   Data           1  main.o(.data)
    readText                                 0x20002018   Data           4  main.o(.data)
    rx_data                                  0x2000201c   Data           4  main.o(.data)
    spi_address                              0x20002020   Data           4  main.o(.data)
    filecountpath                            0x20002024   Data           8  main.o(.data)
    accpath                                  0x2000202c   Data           8  main.o(.data)
    nrf_nvic_state                           0x200020d0   Data           8  app_util_platform.o(.data)
    SystemCoreClock                          0x20002104   Data           4  system_nrf51.o(.data)
    accdata                                  0x20002128   Data          20  main.o(.bss)
    sdaccdata1                               0x20002228   Data         600  main.o(.bss)
    sdaccdata2                               0x20002480   Data         600  main.o(.bss)
    __initial_sp                             0x20003fd0   Data           0  arm_startup_nrf51.o(STACK)



==============================================================================

Memory Map of the image

  Image Entry point : 0x0001b0c1

  Load Region LR_IROM1 (Base: 0x0001b000, Size: 0x00005354, Max: 0x0002b000, ABSOLUTE)

    Execution Region ER_IROM1 (Exec base: 0x0001b000, Load base: 0x0001b000, Size: 0x0000524c, Max: 0x0002b000, ABSOLUTE)

    Exec Addr    Load Addr    Size         Type   Attr      Idx    E Section Name        Object

    0x0001b000   0x0001b000   0x000000c0   Data   RO         3236    RESET               arm_startup_nrf51.o
    0x0001b0c0   0x0001b0c0   0x00000000   Code   RO         3278  * .ARM.Collect$$$$00000000  mc_p.l(entry.o)
    0x0001b0c0   0x0001b0c0   0x00000004   Code   RO         3297    .ARM.Collect$$$$00000001  mc_p.l(entry2.o)
    0x0001b0c4   0x0001b0c4   0x00000004   Code   RO         3300    .ARM.Collect$$$$00000004  mc_p.l(entry5.o)
    0x0001b0c8   0x0001b0c8   0x00000000   Code   RO         3302    .ARM.Collect$$$$00000008  mc_p.l(entry7b.o)
    0x0001b0c8   0x0001b0c8   0x00000000   Code   RO         3304    .ARM.Collect$$$$0000000A  mc_p.l(entry8b.o)
    0x0001b0c8   0x0001b0c8   0x00000008   Code   RO         3305    .ARM.Collect$$$$0000000B  mc_p.l(entry9a.o)
    0x0001b0d0   0x0001b0d0   0x00000000   Code   RO         3307    .ARM.Collect$$$$0000000D  mc_p.l(entry10a.o)
    0x0001b0d0   0x0001b0d0   0x00000000   Code   RO         3309    .ARM.Collect$$$$0000000F  mc_p.l(entry11a.o)
    0x0001b0d0   0x0001b0d0   0x00000004   Code   RO         3298    .ARM.Collect$$$$00002712  mc_p.l(entry2.o)
    0x0001b0d4   0x0001b0d4   0x00000038   Code   RO         3237    .text               arm_startup_nrf51.o
    0x0001b10c   0x0001b10c   0x0000002c   Code   RO         3281    .text               mc_p.l(uidiv.o)
    0x0001b138   0x0001b138   0x00000028   Code   RO         3283    .text               mc_p.l(idiv.o)
    0x0001b160   0x0001b160   0x00000024   Code   RO         3285    .text               mc_p.l(memcpya.o)
    0x0001b184   0x0001b184   0x00000024   Code   RO         3287    .text               mc_p.l(memseta.o)
    0x0001b1a8   0x0001b1a8   0x00000014   Code   RO         3295    .text               mc_p.l(uread4.o)
    0x0001b1bc   0x0001b1bc   0x00000024   Code   RO         3311    .text               mc_p.l(init.o)
    0x0001b1e0   0x0001b1e0   0x00000084   Code   RO            3    i.Filename_Process  main.o
    0x0001b264   0x0001b264   0x00000178   Code   RO         1223    i.GPIOTE_IRQHandler  nrf_drv_gpiote.o
    0x0001b3dc   0x0001b3dc   0x0000005c   Code   RO         2554    i.Getfile           function.o
    0x0001b438   0x0001b438   0x00000044   Code   RO         1946    i.NVIC_SetPriority  app_timer.o
    0x0001b47c   0x0001b47c   0x00000054   Code   RO         1011    i.POWER_CLOCK_IRQHandler  nrf_drv_clock.o
    0x0001b4d0   0x0001b4d0   0x00000020   Code   RO         1947    i.RTC1_IRQHandler   app_timer.o
    0x0001b4f0   0x0001b4f0   0x00000020   Code   RO            6    i.SDC_init          main.o
    0x0001b510   0x0001b510   0x00000064   Code   RO         2555    i.SDCtest           function.o
    0x0001b574   0x0001b574   0x00000014   Code   RO         1612    i.SPI0_TWI0_IRQHandler  nrf_drv_spi.o
    0x0001b588   0x0001b588   0x00000014   Code   RO         1613    i.SPI1_TWI1_IRQHandler  nrf_drv_spi.o
    0x0001b59c   0x0001b59c   0x00000008   Code   RO         1948    i.SWI0_IRQHandler   app_timer.o
    0x0001b5a4   0x0001b5a4   0x00000020   Code   RO         2771    i.SWI2_IRQHandler   softdevice_handler.o
    0x0001b5c4   0x0001b5c4   0x000000a0   Code   RO         3244    i.SystemInit        system_nrf51.o
    0x0001b664   0x0001b664   0x00000014   Code   RO         1435    i.UART0_IRQHandler  nrf_drv_uart.o
    0x0001b678   0x0001b678   0x00000050   Code   RO         2556    i.Writefile         function.o
    0x0001b6c8   0x0001b6c8   0x0000001a   Code   RO          582    i.__ARM_common_switch8  bsp.o
    0x0001b6e2   0x0001b6e2   0x0000000e   Code   RO         3315    i.__scatterload_copy  mc_p.l(handlers.o)
    0x0001b6f0   0x0001b6f0   0x00000002   Code   RO         3316    i.__scatterload_null  mc_p.l(handlers.o)
    0x0001b6f2   0x0001b6f2   0x0000000e   Code   RO         3317    i.__scatterload_zeroinit  mc_p.l(handlers.o)
    0x0001b700   0x0001b700   0x0000001c   Code   RO         2772    i.__sd_nvic_app_accessible_irq  softdevice_handler.o
    0x0001b71c   0x0001b71c   0x0000018e   Code   RO          678    i.adv_data_encode   ble_advdata.o
    0x0001b8aa   0x0001b8aa   0x00000002   PAD
    0x0001b8ac   0x0001b8ac   0x00000068   Code   RO          757    i.adv_mode_next_avail_get  ble_advertising.o
    0x0001b914   0x0001b914   0x0000003c   Code   RO          598    i.advertising_buttons_configure  bsp_btn_ble.o
    0x0001b950   0x0001b950   0x0000001c   Code   RO         1851    i.app_error_fault_handler  app_error_weak.o
    0x0001b96c   0x0001b96c   0x00000018   Code   RO         1816    i.app_error_handler_bare  app_error.o
    0x0001b984   0x0001b984   0x0000005c   Code   RO         2438    i.app_sdc_block_read  app_sdcard.o
    0x0001b9e0   0x0001b9e0   0x00000070   Code   RO         2439    i.app_sdc_block_write  app_sdcard.o
    0x0001ba50   0x0001ba50   0x0000001c   Code   RO         2440    i.app_sdc_busy_check  app_sdcard.o
    0x0001ba6c   0x0001ba6c   0x00000018   Code   RO         2441    i.app_sdc_info_get  app_sdcard.o
    0x0001ba84   0x0001ba84   0x000000c8   Code   RO         2442    i.app_sdc_init      app_sdcard.o
    0x0001bb4c   0x0001bb4c   0x00000044   Code   RO         2443    i.app_sdc_uninit    app_sdcard.o
    0x0001bb90   0x0001bb90   0x0000002c   Code   RO         1951    i.app_timer_create  app_timer.o
    0x0001bbbc   0x0001bbbc   0x00000074   Code   RO         1952    i.app_timer_init    app_timer.o
    0x0001bc30   0x0001bc30   0x00000088   Code   RO         1953    i.app_timer_start   app_timer.o
    0x0001bcb8   0x0001bcb8   0x00000028   Code   RO         1954    i.app_timer_stop    app_timer.o
    0x0001bce0   0x0001bce0   0x0000003c   Code   RO         2150    i.app_util_critical_region_enter  app_util_platform.o
    0x0001bd1c   0x0001bd1c   0x0000002c   Code   RO         2151    i.app_util_critical_region_exit  app_util_platform.o
    0x0001bd48   0x0001bd48   0x00000068   Code   RO          679    i.ble_advdata_set   ble_advdata.o
    0x0001bdb0   0x0001bdb0   0x0000015c   Code   RO          758    i.ble_advertising_init  ble_advertising.o
    0x0001bf0c   0x0001bf0c   0x00000058   Code   RO          759    i.ble_advertising_on_ble_evt  ble_advertising.o
    0x0001bf64   0x0001bf64   0x00000108   Code   RO          763    i.ble_advertising_start  ble_advertising.o
    0x0001c06c   0x0001c06c   0x00000054   Code   RO          845    i.ble_conn_params_init  ble_conn_params.o
    0x0001c0c0   0x0001c0c0   0x00000090   Code   RO          846    i.ble_conn_params_on_ble_evt  ble_conn_params.o
    0x0001c150   0x0001c150   0x0000005e   Code   RO          680    i.ble_device_addr_encode  ble_advdata.o
    0x0001c1ae   0x0001c1ae   0x00000002   PAD
    0x0001c1b0   0x0001c1b0   0x00000028   Code   RO            8    i.ble_evt_dispatch  main.o
    0x0001c1d8   0x0001c1d8   0x00000068   Code   RO          968    i.ble_nus_init      ble_nus.o
    0x0001c240   0x0001c240   0x0000005c   Code   RO          969    i.ble_nus_on_ble_evt  ble_nus.o
    0x0001c29c   0x0001c29c   0x00000054   Code   RO          970    i.ble_nus_string_send  ble_nus.o
    0x0001c2f0   0x0001c2f0   0x0000000e   Code   RO          911    i.ble_srv_is_notification_enabled  ble_srv_common.o
    0x0001c2fe   0x0001c2fe   0x00000002   PAD
    0x0001c300   0x0001c300   0x0000002c   Code   RO         3157    i.block_dev_handler  diskio_blkdev.o
    0x0001c32c   0x0001c32c   0x00000004   Code   RO         2378    i.block_dev_sdc_geometry  nrf_block_dev_sdc.o
    0x0001c330   0x0001c330   0x0000007c   Code   RO         2379    i.block_dev_sdc_init  nrf_block_dev_sdc.o
    0x0001c3ac   0x0001c3ac   0x00000026   Code   RO         2380    i.block_dev_sdc_ioctl  nrf_block_dev_sdc.o
    0x0001c3d2   0x0001c3d2   0x00000002   PAD
    0x0001c3d4   0x0001c3d4   0x00000084   Code   RO         2381    i.block_dev_sdc_read_req  nrf_block_dev_sdc.o
    0x0001c458   0x0001c458   0x00000058   Code   RO         2382    i.block_dev_sdc_uninit  nrf_block_dev_sdc.o
    0x0001c4b0   0x0001c4b0   0x00000084   Code   RO         2383    i.block_dev_sdc_write_req  nrf_block_dev_sdc.o
    0x0001c534   0x0001c534   0x0000000c   Code   RO          383    i.bsp_board_button_idx_to_pin  boards.o
    0x0001c540   0x0001c540   0x00000020   Code   RO          387    i.bsp_board_led_invert  boards.o
    0x0001c560   0x0001c560   0x00000014   Code   RO          388    i.bsp_board_led_off  boards.o
    0x0001c574   0x0001c574   0x00000014   Code   RO          389    i.bsp_board_led_on  boards.o
    0x0001c588   0x0001c588   0x00000020   Code   RO          390    i.bsp_board_led_state_get  boards.o
    0x0001c5a8   0x0001c5a8   0x00000012   Code   RO          392    i.bsp_board_leds_off  boards.o
    0x0001c5ba   0x0001c5ba   0x00000012   Code   RO          393    i.bsp_board_leds_on  boards.o
    0x0001c5cc   0x0001c5cc   0x00000024   Code   RO          394    i.bsp_board_pin_to_button_idx  boards.o
    0x0001c5f0   0x0001c5f0   0x00000078   Code   RO          600    i.bsp_btn_ble_on_ble_evt  bsp_btn_ble.o
    0x0001c668   0x0001c668   0x00000022   Code   RO          601    i.bsp_btn_ble_sleep_mode_prepare  bsp_btn_ble.o
    0x0001c68a   0x0001c68a   0x00000002   PAD
    0x0001c68c   0x0001c68c   0x00000094   Code   RO          489    i.bsp_button_event_handler  bsp.o
    0x0001c720   0x0001c720   0x00000048   Code   RO          493    i.bsp_event_to_button_action_assign  bsp.o
    0x0001c768   0x0001c768   0x0000001c   Code   RO          494    i.bsp_indication_set  bsp.o
    0x0001c784   0x0001c784   0x00000180   Code   RO          496    i.bsp_led_indication  bsp.o
    0x0001c904   0x0001c904   0x00000010   Code   RO          498    i.bsp_wakeup_button_enable  bsp.o
    0x0001c914   0x0001c914   0x00000010   Code   RO         1226    i.channel_port_get  nrf_drv_gpiote.o
    0x0001c924   0x0001c924   0x00000078   Code   RO         2896    i.check_fs          ff.o
    0x0001c99c   0x0001c99c   0x00000028   Code   RO         1012    i.clock_clk_started_notify  nrf_drv_clock.o
    0x0001c9c4   0x0001c9c4   0x00000018   Code   RO         2897    i.clust2sect        ff.o
    0x0001c9dc   0x0001c9dc   0x000000a8   Code   RO         1956    i.compare_reg_update  app_timer.o
    0x0001ca84   0x0001ca84   0x00000088   Code   RO          681    i.conn_int_encode   ble_advdata.o
    0x0001cb0c   0x0001cb0c   0x00000008   Code   RO           10    i.conn_params_error_handler  main.o
    0x0001cb14   0x0001cb14   0x00000068   Code   RO          848    i.conn_params_negotiation  ble_conn_params.o
    0x0001cb7c   0x0001cb7c   0x000000ac   Code   RO         2898    i.create_chain      ff.o
    0x0001cc28   0x0001cc28   0x000000e4   Code   RO         2899    i.create_name       ff.o
    0x0001cd0c   0x0001cd0c   0x00000004   Code   RO         3158    i.default_wait_func  diskio_blkdev.o
    0x0001cd10   0x0001cd10   0x00000064   Code   RO         2900    i.dir_find          ff.o
    0x0001cd74   0x0001cd74   0x000000ec   Code   RO         2901    i.dir_next          ff.o
    0x0001ce60   0x0001ce60   0x0000006a   Code   RO         2903    i.dir_register      ff.o
    0x0001ceca   0x0001ceca   0x00000086   Code   RO         2905    i.dir_sdi           ff.o
    0x0001cf50   0x0001cf50   0x00000080   Code   RO         3159    i.disk_initialize   diskio_blkdev.o
    0x0001cfd0   0x0001cfd0   0x00000080   Code   RO         3160    i.disk_ioctl        diskio_blkdev.o
    0x0001d050   0x0001d050   0x00000078   Code   RO         3161    i.disk_read         diskio_blkdev.o
    0x0001d0c8   0x0001d0c8   0x0000001c   Code   RO         3162    i.disk_status       diskio_blkdev.o
    0x0001d0e4   0x0001d0e4   0x00000084   Code   RO         3164    i.disk_write        diskio_blkdev.o
    0x0001d168   0x0001d168   0x0000000c   Code   RO         3165    i.diskio_blockdev_register  diskio_blkdev.o
    0x0001d174   0x0001d174   0x00000040   Code   RO         1957    i.elapsed_ticks_acquire  app_timer.o
    0x0001d1b4   0x0001d1b4   0x0000001e   Code   RO         2906    i.f_close           ff.o
    0x0001d1d2   0x0001d1d2   0x00000002   PAD
    0x0001d1d4   0x0001d1d4   0x00000050   Code   RO         2912    i.f_mount           ff.o
    0x0001d224   0x0001d224   0x000001b8   Code   RO         2913    i.f_open            ff.o
    0x0001d3dc   0x0001d3dc   0x00000156   Code   RO         2915    i.f_read            ff.o
    0x0001d532   0x0001d532   0x00000002   PAD
    0x0001d534   0x0001d534   0x00000090   Code   RO         2919    i.f_sync            ff.o
    0x0001d5c4   0x0001d5c4   0x00000192   Code   RO         2922    i.f_write           ff.o
    0x0001d756   0x0001d756   0x00000002   PAD
    0x0001d758   0x0001d758   0x00000278   Code   RO         2923    i.find_volume       ff.o
    0x0001d9d0   0x0001d9d0   0x00000076   Code   RO         2924    i.follow_path       ff.o
    0x0001da46   0x0001da46   0x00000002   PAD
    0x0001da48   0x0001da48   0x00000018   Code   RO         2203    i.fs_queued_op_count_get  fstorage.o
    0x0001da60   0x0001da60   0x000000ba   Code   RO         2925    i.get_fat           ff.o
    0x0001db1a   0x0001db1a   0x0000003c   Code   RO         2927    i.get_ldnumber      ff.o
    0x0001db56   0x0001db56   0x00000002   PAD
    0x0001db58   0x0001db58   0x00000080   Code   RO         2773    i.intern_softdevice_events_execute  softdevice_handler.o
    0x0001dbd8   0x0001dbd8   0x0000002c   Code   RO         1614    i.irq_handler_spi   nrf_drv_spi.o
    0x0001dc04   0x0001dc04   0x0000001c   Code   RO          849    i.is_conn_params_ok  ble_conn_params.o
    0x0001dc20   0x0001dc20   0x00000048   Code   RO         3245    i.is_manual_peripheral_setup_needed  system_nrf51.o
    0x0001dc68   0x0001dc68   0x00000016   Code   RO         1014    i.item_enqueue      nrf_drv_clock.o
    0x0001dc7e   0x0001dc7e   0x00000026   Code   RO         2928    i.ld_clust          ff.o
    0x0001dca4   0x0001dca4   0x00000016   Code   RO         2929    i.ld_dword          ff.o
    0x0001dcba   0x0001dcba   0x0000000c   Code   RO         2930    i.ld_word           ff.o
    0x0001dcc6   0x0001dcc6   0x00000002   PAD
    0x0001dcc8   0x0001dcc8   0x000000ac   Code   RO         1958    i.list_deletions_handler  app_timer.o
    0x0001dd74   0x0001dd74   0x000000bc   Code   RO         1959    i.list_insertions_handler  app_timer.o
    0x0001de30   0x0001de30   0x00000328   Code   RO           11    i.main              main.o
    0x0001e158   0x0001e158   0x00000068   Code   RO          682    i.manuf_specific_data_encode  ble_advdata.o
    0x0001e1c0   0x0001e1c0   0x00000012   Code   RO         2931    i.mem_cpy           ff.o
    0x0001e1d2   0x0001e1d2   0x0000000c   Code   RO         2932    i.mem_set           ff.o
    0x0001e1de   0x0001e1de   0x00000034   Code   RO         2933    i.move_window       ff.o
    0x0001e212   0x0001e212   0x0000009e   Code   RO          683    i.name_encode       ble_advdata.o
    0x0001e2b0   0x0001e2b0   0x00000010   Code   RO         1227    i.nrf_bitmask_bit_is_set  nrf_drv_gpiote.o
    0x0001e2c0   0x0001e2c0   0x00000006   Code   RO         3166    i.nrf_blk_dev_ioctl  diskio_blkdev.o
    0x0001e2c6   0x0001e2c6   0x00000010   Code   RO         1016    i.nrf_clock_event_check  nrf_drv_clock.o
    0x0001e2d6   0x0001e2d6   0x00000002   PAD
    0x0001e2d8   0x0001e2d8   0x00000030   Code   RO         1960    i.nrf_delay_us      app_timer.o
    0x0001e308   0x0001e308   0x00000048   Code   RO         1023    i.nrf_drv_clock_init  nrf_drv_clock.o
    0x0001e350   0x0001e350   0x0000006c   Code   RO         1028    i.nrf_drv_clock_lfclk_request  nrf_drv_clock.o
    0x0001e3bc   0x0001e3bc   0x00000034   Code   RO         1030    i.nrf_drv_clock_on_sd_enable  nrf_drv_clock.o
    0x0001e3f0   0x0001e3f0   0x0000000c   Code   RO         1031    i.nrf_drv_clock_on_soc_event  nrf_drv_clock.o
    0x0001e3fc   0x0001e3fc   0x00000060   Code   RO         1182    i.nrf_drv_common_irq_enable  nrf_drv_common.o
    0x0001e45c   0x0001e45c   0x00000010   Code   RO         1236    i.nrf_drv_gpiote_out_clear  nrf_drv_gpiote.o
    0x0001e46c   0x0001e46c   0x00000010   Code   RO         1238    i.nrf_drv_gpiote_out_set  nrf_drv_gpiote.o
    0x0001e47c   0x0001e47c   0x00000018   Code   RO         1244    i.nrf_drv_gpiote_out_toggle  nrf_drv_gpiote.o
    0x0001e494   0x0001e494   0x00000114   Code   RO         1615    i.nrf_drv_spi_init  nrf_drv_spi.o
    0x0001e5a8   0x0001e5a8   0x00000018   Code   RO         1616    i.nrf_drv_spi_transfer  nrf_drv_spi.o
    0x0001e5c0   0x0001e5c0   0x00000048   Code   RO         1617    i.nrf_drv_spi_uninit  nrf_drv_spi.o
    0x0001e608   0x0001e608   0x00000070   Code   RO         1618    i.nrf_drv_spi_xfer  nrf_drv_spi.o
    0x0001e678   0x0001e678   0x00000028   Code   RO         1619    i.nrf_gpio_cfg      nrf_drv_spi.o
    0x0001e6a0   0x0001e6a0   0x00000028   Code   RO         1702    i.nrf_gpio_cfg      spi_master_v2.o
    0x0001e6c8   0x0001e6c8   0x00000028   Code   RO         2444    i.nrf_gpio_cfg      app_sdcard.o
    0x0001e6f0   0x0001e6f0   0x00000012   Code   RO         1703    i.nrf_gpio_cfg_input  spi_master_v2.o
    0x0001e702   0x0001e702   0x00000014   Code   RO           12    i.nrf_gpio_cfg_output  main.o
    0x0001e716   0x0001e716   0x00000014   Code   RO         1620    i.nrf_gpio_cfg_output  nrf_drv_spi.o
    0x0001e72a   0x0001e72a   0x00000014   Code   RO         1704    i.nrf_gpio_cfg_output  spi_master_v2.o
    0x0001e73e   0x0001e73e   0x00000022   Code   RO          501    i.nrf_gpio_cfg_sense_set  bsp.o
    0x0001e760   0x0001e760   0x00000022   Code   RO         1249    i.nrf_gpio_cfg_sense_set  nrf_drv_gpiote.o
    0x0001e782   0x0001e782   0x00000002   PAD
    0x0001e784   0x0001e784   0x00000010   Code   RO           13    i.nrf_gpio_pin_set  main.o
    0x0001e794   0x0001e794   0x00000010   Code   RO         1621    i.nrf_gpio_pin_set  nrf_drv_spi.o
    0x0001e7a4   0x0001e7a4   0x00000010   Code   RO         1705    i.nrf_gpio_pin_set  spi_master_v2.o
    0x0001e7b4   0x0001e7b4   0x00000010   Code   RO         2445    i.nrf_gpio_pin_set  app_sdcard.o
    0x0001e7c4   0x0001e7c4   0x00000018   Code   RO          397    i.nrf_gpio_pin_write  boards.o
    0x0001e7dc   0x0001e7dc   0x00000028   Code   RO         1250    i.nrf_gpio_ports_read  nrf_drv_gpiote.o
    0x0001e804   0x0001e804   0x00000010   Code   RO         1251    i.nrf_gpiote_event_clear  nrf_drv_gpiote.o
    0x0001e814   0x0001e814   0x00000014   Code   RO         1252    i.nrf_gpiote_event_is_set  nrf_drv_gpiote.o
    0x0001e828   0x0001e828   0x0000000a   Code   RO         1453    i.nrf_uart_event_check  nrf_drv_uart.o
    0x0001e832   0x0001e832   0x00000010   Code   RO         1454    i.nrf_uart_int_enable_check  nrf_drv_uart.o
    0x0001e842   0x0001e842   0x00000002   PAD
    0x0001e844   0x0001e844   0x0000005c   Code   RO           14    i.nus_data_handler  main.o
    0x0001e8a0   0x0001e8a0   0x00000020   Code   RO           15    i.on_adv_evt        main.o
    0x0001e8c0   0x0001e8c0   0x00000078   Code   RO           16    i.on_ble_evt        main.o
    0x0001e938   0x0001e938   0x00000020   Code   RO           17    i.on_conn_params_evt  main.o
    0x0001e958   0x0001e958   0x000000ee   Code   RO         2934    i.put_fat           ff.o
    0x0001ea46   0x0001ea46   0x00000072   Code   RO         2935    i.remove_chain      ff.o
    0x0001eab8   0x0001eab8   0x00000044   Code   RO         1961    i.rtc1_stop         app_timer.o
    0x0001eafc   0x0001eafc   0x00000026   Code   RO         1455    i.rx_byte           nrf_drv_uart.o
    0x0001eb22   0x0001eb22   0x0000009e   Code   RO          971    i.rx_char_add       ble_nus.o
    0x0001ebc0   0x0001ebc0   0x00000014   Code   RO         1456    i.rx_done_event     nrf_drv_uart.o
    0x0001ebd4   0x0001ebd4   0x00000084   Code   RO         2775    i.sd_nvic_EnableIRQ  softdevice_handler.o
    0x0001ec58   0x0001ec58   0x00000094   Code   RO         2446    i.sdc_cmd           app_sdcard.o
    0x0001ecec   0x0001ecec   0x00000090   Code   RO         2384    i.sdc_handler       nrf_block_dev_sdc.o
    0x0001ed7c   0x0001ed7c   0x000002ac   Code   RO         2447    i.sdc_pt_identification  app_sdcard.o
    0x0001f028   0x0001f028   0x00000084   Code   RO         2448    i.sdc_pt_read       app_sdcard.o
    0x0001f0ac   0x0001f0ac   0x00000160   Code   RO         2449    i.sdc_pt_sub_data_read  app_sdcard.o
    0x0001f20c   0x0001f20c   0x000001ec   Code   RO         2450    i.sdc_pt_write      app_sdcard.o
    0x0001f3f8   0x0001f3f8   0x00000038   Code   RO         2451    i.sdc_spi_transfer  app_sdcard.o
    0x0001f430   0x0001f430   0x0000008e   Code   RO          684    i.service_data_encode  ble_advdata.o
    0x0001f4be   0x0001f4be   0x00000002   PAD
    0x0001f4c0   0x0001f4c0   0x00000058   Code   RO          765    i.set_adv_mode_fast  ble_advertising.o
    0x0001f518   0x0001f518   0x00000054   Code   RO          766    i.set_adv_mode_slow  ble_advertising.o
    0x0001f56c   0x0001f56c   0x00000028   Code   RO           18    i.sleep_mode_enter  main.o
    0x0001f594   0x0001f594   0x00000014   Code   RO         2776    i.softdevice_ble_evt_handler_set  softdevice_handler.o
    0x0001f5a8   0x0001f5a8   0x00000014   Code   RO         2777    i.softdevice_enable  softdevice_handler.o
    0x0001f5bc   0x0001f5bc   0x00000028   Code   RO         2778    i.softdevice_enable_get_default_config  softdevice_handler.o
    0x0001f5e4   0x0001f5e4   0x00000008   Code   RO         2779    i.softdevice_fault_handler  softdevice_handler.o
    0x0001f5ec   0x0001f5ec   0x00000058   Code   RO         2780    i.softdevice_handler_init  softdevice_handler.o
    0x0001f644   0x0001f644   0x0000000c   Code   RO         2781    i.softdevice_handler_is_enabled  softdevice_handler.o
    0x0001f650   0x0001f650   0x000001b8   Code   RO         2452    i.spi_handler       app_sdcard.o
    0x0001f808   0x0001f808   0x000000ac   Code   RO         1706    i.spi_master_init   spi_master_v2.o
    0x0001f8b4   0x0001f8b4   0x00000068   Code   RO         1707    i.spi_master_tx_rx  spi_master_v2.o
    0x0001f91c   0x0001f91c   0x00000072   Code   RO         1622    i.spi_xfer          nrf_drv_spi.o
    0x0001f98e   0x0001f98e   0x00000024   Code   RO         2936    i.st_clust          ff.o
    0x0001f9b2   0x0001f9b2   0x00000010   Code   RO         2937    i.st_dword          ff.o
    0x0001f9c2   0x0001f9c2   0x00000008   Code   RO         2938    i.st_word           ff.o
    0x0001f9ca   0x0001f9ca   0x00000002   PAD
    0x0001f9cc   0x0001f9cc   0x00000094   Code   RO         2939    i.sync_fs           ff.o
    0x0001fa60   0x0001fa60   0x00000052   Code   RO         2940    i.sync_window       ff.o
    0x0001fab2   0x0001fab2   0x00000002   PAD
    0x0001fab4   0x0001fab4   0x000000e0   Code   RO           19    i.timer_a_handler   main.o
    0x0001fb94   0x0001fb94   0x00000084   Code   RO         1962    i.timer_list_handler  app_timer.o
    0x0001fc18   0x0001fc18   0x00000010   Code   RO         1963    i.timer_list_handler_sched  app_timer.o
    0x0001fc28   0x0001fc28   0x00000040   Code   RO         1964    i.timer_list_insert  app_timer.o
    0x0001fc68   0x0001fc68   0x00000048   Code   RO         1965    i.timer_stop_op_schedule  app_timer.o
    0x0001fcb0   0x0001fcb0   0x00000080   Code   RO         1966    i.timer_timeouts_check  app_timer.o
    0x0001fd30   0x0001fd30   0x00000050   Code   RO         1623    i.transfer_byte     nrf_drv_spi.o
    0x0001fd80   0x0001fd80   0x0000001e   Code   RO         1458    i.tx_byte           nrf_drv_uart.o
    0x0001fd9e   0x0001fd9e   0x00000080   Code   RO          972    i.tx_char_add       ble_nus.o
    0x0001fe1e   0x0001fe1e   0x00000018   Code   RO         1459    i.tx_done_event     nrf_drv_uart.o
    0x0001fe36   0x0001fe36   0x00000128   Code   RO         1460    i.uart_irq_handler  nrf_drv_uart.o
    0x0001ff5e   0x0001ff5e   0x0000000a   Code   RO          685    i.uint16_encode     ble_advdata.o
    0x0001ff68   0x0001ff68   0x00000064   Code   RO          850    i.update_timeout_handler  ble_conn_params.o
    0x0001ffcc   0x0001ffcc   0x0000002c   Code   RO         1967    i.user_op_alloc     app_timer.o
    0x0001fff8   0x0001fff8   0x00000030   Code   RO          686    i.uuid_list_encode  ble_advdata.o
    0x00020028   0x00020028   0x000000ae   Code   RO          687    i.uuid_list_sized_encode  ble_advdata.o
    0x000200d6   0x000200d6   0x00000036   Code   RO         2941    i.validate          ff.o
    0x0002010c   0x0002010c   0x00000018   Code   RO          767    i.whitelist_has_entries  ble_advertising.o
    0x00020124   0x00020124   0x0000001c   Data   RO           25    .constdata          main.o
    0x00020140   0x00020140   0x00000014   Data   RO           26    .constdata          main.o
    0x00020154   0x00020154   0x00000008   Data   RO          398    .constdata          boards.o
    0x0002015c   0x0002015c   0x0000002c   Data   RO          506    .constdata          bsp.o
    0x00020188   0x00020188   0x00000004   Data   RO          853    .constdata          ble_conn_params.o
    0x0002018c   0x0002018c   0x00000010   Data   RO          973    .constdata          ble_nus.o
    0x0002019c   0x0002019c   0x00000004   Data   RO         1256    .constdata          nrf_drv_gpiote.o
    0x000201a0   0x000201a0   0x00000018   Data   RO         2385    .constdata          nrf_block_dev_sdc.o
    0x000201b8   0x000201b8   0x00000048   Data   RO         2386    .constdata          nrf_block_dev_sdc.o
    0x00020200   0x00020200   0x00000018   Data   RO         2454    .constdata          app_sdcard.o
    0x00020218   0x00020218   0x00000013   Data   RO           27    .conststring        main.o
    0x0002022b   0x0002022b   0x00000001   PAD
    0x0002022c   0x0002022c   0x00000020   Data   RO         3313    Region$$Table       anon$$obj.o


    Execution Region RW_IRAM1 (Exec base: 0x20002000, Load base: 0x0002024c, Size: 0x00001fd0, Max: 0x00002000, ABSOLUTE)

    Exec Addr    Load Addr    Size         Type   Attr      Idx    E Section Name        Object

    0x20002000   0x0002024c   0x0000004c   Data   RW           28    .data               main.o
    0x2000204c   0x00020298   0x00000014   Data   RW          507    .data               bsp.o
    0x20002060   0x000202ac   0x00000008   Data   RW          602    .data               bsp_btn_ble.o
    0x20002068   0x000202b4   0x00000030   Data   RW          771    .data               ble_advertising.o
    0x20002098   0x000202e4   0x00000014   Data   RW          854    .data               ble_conn_params.o
    0x200020ac   0x000202f8   0x00000020   Data   RW         1968    .data               app_timer.o
    0x200020cc   0x00020318   0x0000000c   Data   RW         2154    .data               app_util_platform.o
    0x200020d8   0x00020324   0x00000008   Data   RW         2387    .data               nrf_block_dev_sdc.o
    0x200020e0   0x0002032c   0x00000014   Data   RW         2787    .data               softdevice_handler.o
    0x200020f4   0x00020340   0x00000008   Data   RW         2943    .data               ff.o
    0x200020fc   0x00020348   0x00000008   Data   RW         3167    .data               diskio_blkdev.o
    0x20002104   0x00020350   0x00000004   Data   RW         3246    .data               system_nrf51.o
    0x20002108        -       0x00000020   Zero   RW           21    .bss                main.o
    0x20002128        -       0x000005b0   Zero   RW           22    .bss                main.o
    0x200026d8        -       0x0000001c   Zero   RW           23    .bss                main.o
    0x200026f4        -       0x00000020   Zero   RW          502    .bss                bsp.o
    0x20002714        -       0x00000020   Zero   RW          503    .bss                bsp.o
    0x20002734        -       0x0000000c   Zero   RW          504    .bss                bsp.o
    0x20002740        -       0x00000020   Zero   RW          505    .bss                bsp.o
    0x20002760        -       0x0000016b   Zero   RW          768    .bss                ble_advertising.o
    0x200028cb   0x00020354   0x00000001   PAD
    0x200028cc        -       0x00000020   Zero   RW          769    .bss                ble_advertising.o
    0x200028ec        -       0x00000020   Zero   RW          770    .bss                ble_advertising.o
    0x2000290c        -       0x00000020   Zero   RW          851    .bss                ble_conn_params.o
    0x2000292c        -       0x0000001c   Zero   RW          852    .bss                ble_conn_params.o
    0x20002948        -       0x00000014   Zero   RW         1033    .bss                nrf_drv_clock.o
    0x2000295c        -       0x00000048   Zero   RW         1255    .bss                nrf_drv_gpiote.o
    0x200029a4        -       0x0000001c   Zero   RW         1461    .bss                nrf_drv_uart.o
    0x200029c0        -       0x00000040   Zero   RW         1624    .bss                nrf_drv_spi.o
    0x20002a00        -       0x00000068   Zero   RW         2212    .bss                fstorage.o
    0x20002a68        -       0x0000005c   Zero   RW         2453    .bss                app_sdcard.o
    0x20002ac4        -       0x00000d08   Zero   RW         2557    .bss                function.o
    0x200037cc   0x00020354   0x00000004   PAD
    0x200037d0        -       0x00000800   Zero   RW         3234    STACK               arm_startup_nrf51.o


==============================================================================

Image component sizes


      Code (inc. data)   RO Data    RW Data    ZI Data      Debug   Object Name

        24          4          0          0          0       2217   app_error.o
        28         10          0          0          0       7110   app_error_weak.o
      2884        122         24          0         92      26783   app_sdcard.o
      1608        158          0         32          0      41755   app_timer.o
       104         20          0         12          0       6298   app_util_platform.o
        56         18        192          0       2048        720   arm_startup_nrf51.o
      1368          6          0          0          0      29512   ble_advdata.o
      1000         62          0         48        427      10032   ble_advertising.o
       460         60          4         20         60       5372   ble_conn_params.o
       566         12         16          0          0       5386   ble_nus.o
        14          0          0          0          0       1414   ble_srv_common.o
       212         46          8          0          0      10001   boards.o
       708         60         44         20        108      10596   bsp.o
       214          6          0          8          0       4030   bsp_btn_ble.o
       602         40          0          8          0      11317   diskio_blkdev.o
      4404         96          0          8          0      30925   ff.o
        24          6          0          0        104       3812   fstorage.o
       272         74          0          0       3336       2388   function.o
      1596        136         67         76       1516     130416   main.o
       662         50         96          8          0      11231   nrf_block_dev_sdc.o
       406         50          0          0         20      13474   nrf_drv_clock.o
        96         18          0          0          0       8984   nrf_drv_common.o
       574         50          4          0         72      19184   nrf_drv_gpiote.o
       838         54          0          0         64      17376   nrf_drv_spi.o
       454          8          0          0         28      22149   nrf_drv_uart.o
       508         66          0         20          0      20947   softdevice_handler.o
       370         26          0          0          0       5089   spi_master_v2.o
       232         36          0          4          0       2415   system_nrf51.o

    ----------------------------------------------------------------------
     20318       1294        488        264       7880     460933   Object Totals
         0          0         32          0          0          0   (incl. Generated)
        34          0          1          0          5          0   (incl. Padding)

    ----------------------------------------------------------------------

      Code (inc. data)   RO Data    RW Data    ZI Data      Debug   Library Member Name

         0          0          0          0          0          0   entry.o
         0          0          0          0          0          0   entry10a.o
         0          0          0          0          0          0   entry11a.o
         8          4          0          0          0          0   entry2.o
         4          0          0          0          0          0   entry5.o
         0          0          0          0          0          0   entry7b.o
         0          0          0          0          0          0   entry8b.o
         8          4          0          0          0          0   entry9a.o
        30          0          0          0          0          0   handlers.o
        40          0          0          0          0         72   idiv.o
        36          8          0          0          0         68   init.o
        36          0          0          0          0         60   memcpya.o
        36          0          0          0          0        100   memseta.o
        44          0          0          0          0         72   uidiv.o
        20          0          0          0          0         60   uread4.o

    ----------------------------------------------------------------------
       262         16          0          0          0        432   Library Totals
         0          0          0          0          0          0   (incl. Padding)

    ----------------------------------------------------------------------

      Code (inc. data)   RO Data    RW Data    ZI Data      Debug   Library Name

       262         16          0          0          0        432   mc_p.l

    ----------------------------------------------------------------------
       262         16          0          0          0        432   Library Totals

    ----------------------------------------------------------------------

==============================================================================


      Code (inc. data)   RO Data    RW Data    ZI Data      Debug   

     20580       1310        488        264       7880     452409   Grand Totals
     20580       1310        488        264       7880     452409   ELF Image Totals
     20580       1310        488        264          0          0   ROM Totals

==============================================================================

    Total RO  Size (Code + RO Data)                21068 (  20.57kB)
    Total RW  Size (RW Data + ZI Data)              8144 (   7.95kB)
    Total ROM Size (Code + RO Data + RW Data)      21332 (  20.83kB)

==============================================================================

